// Jest Snapshot v1, https://goo.gl/fbAQLP

exports[`renders correctly 1`] = `
<ForwardRef(forwardRef)
  aria-live="off"
  className="ReplyList-withPadding"
  data-testid="commentReplyList-comment-id"
  id="coral-comments-replyList-log--comment-id"
  role="log"
>
  <Relay(ReplyListCommentContainer)
    comment={
      Object {
        "id": "comment-1",
      }
    }
    disableReplies={false}
    indentLevel={1}
    key="comment-1"
    localReply={false}
    settings={
      Object {
        "reaction": Object {
          "icon": "thumb_up_alt",
          "label": "Respect",
        },
      }
    }
    story={
      Object {
        "id": "story-id",
      }
    }
    viewer={null}
  />
  <Relay(ReplyListCommentContainer)
    comment={
      Object {
        "id": "comment-2",
        "showConversationLink": true,
      }
    }
    disableReplies={false}
    indentLevel={1}
    key="comment-2"
    localReply={false}
    settings={
      Object {
        "reaction": Object {
          "icon": "thumb_up_alt",
          "label": "Respect",
        },
      }
    }
    showConversationLink={true}
    story={
      Object {
        "id": "story-id",
      }
    }
    viewer={null}
  />
</ForwardRef(forwardRef)>
`;
