// Jest Snapshot v1, https://goo.gl/fbAQLP

exports[`renders correctly 1`] = `
<div
  data-testid="decisionHistory-loading-container"
>
  <Title />
  <Main>
    <ForwardRef(forwardRef)
      alignItems="center"
      className="DecisionHistoryLoading-container"
      justifyContent="center"
    >
      <Delay>
        <withPropsOnChange(Spinner)
          size="sm"
        />
      </Delay>
    </ForwardRef(forwardRef)>
  </Main>
</div>
`;
