// Jest Snapshot v1, https://goo.gl/fbAQLP

exports[`renders correctly 1`] = `
<DecisionItem
  icon={<RejectedIcon />}
>
  <Localized
    Username={
      <Username
        username="InTheExpensiveSeats"
      />
    }
    id="decisionHistory-rejectedCommentBy"
  >
    <Info>
      Rejected comment by &lt;Username&gt;&lt;/Username&gt;
    </Info>
  </Localized>
  <Footer>
    <DecisionHistory>
      2018-07-06T18:24:00.000Z
    </DecisionHistory>
    <React.Fragment>
      <Footer />
      <GoToCommentLink
        href="#"
        onClick={[Function]}
      />
    </React.Fragment>
  </Footer>
</DecisionItem>
`;
