// Jest Snapshot v1, https://goo.gl/fbAQLP

exports[`renders correctly 1`] = `
<Localized
  id="decisionHistory-showMoreButton"
>
  <ForwardRef(forwardRef)
    className="ShowMoreButton-root"
    disabled={false}
    onClick={[Function]}
  >
    Show More
  </ForwardRef(forwardRef)>
</Localized>
`;
