// Jest Snapshot v1, https://goo.gl/fbAQLP

exports[`renders correctly 1`] = `
<div>
  <RTE
    className="custom"
    classNameDisabled=""
    contentClassName="RTE-content"
    contentClassNameDisabled=""
    features={
      Array [
        <ForwardRef
          attrs={
            Object {
              "title": true,
            }
          }
          id="comments-rte-bold"
        >
          <Toggle>
            <withPropsOnChange(Icon)
              size="md"
            >
              format_bold
            </withPropsOnChange(Icon)>
          </Toggle>
        </ForwardRef>,
        <ForwardRef
          attrs={
            Object {
              "title": true,
            }
          }
          id="comments-rte-italic"
        >
          <Toggle>
            <withPropsOnChange(Icon)
              size="md"
            >
              format_italic
            </withPropsOnChange(Icon)>
          </Toggle>
        </ForwardRef>,
        <ForwardRef
          attrs={
            Object {
              "title": true,
            }
          }
          id="comments-rte-blockquote"
        >
          <Toggle>
            <withPropsOnChange(Icon)
              size="md"
            >
              format_quote
            </withPropsOnChange(Icon)>
          </Toggle>
        </ForwardRef>,
      ]
    }
    placeholder="Post a comment"
    placeholderClassName="RTE-placeholder"
    placeholderClassNameDisabled=""
    toolbarClassName="RTE-toolbar"
    toolbarClassNameDisabled=""
    value="Hello world"
  />
</div>
`;
