// Jest Snapshot v1, https://goo.gl/fbAQLP

exports[`renders correctly 1`] = `
<div
  className="Modal-root"
  role="dialog"
>
  <div
    className="Backdrop-root Backdrop-active"
  />
  <div
    className="Modal-baseScroll Modal-scroll"
    data-testid="scroll"
    onClick={[Function]}
    onKeyDown={[Function]}
    role="presentation"
  >
    <div
      className="Modal-alignContainer1"
    >
      <div
        className="Modal-alignContainer2"
      >
        <div
          className="Modal-wrapper"
        >
          <div
            onFocus={[Function]}
            tabIndex={0}
          />
          <div
            tabIndex={-1}
          />
          <div>
            Test
          </div>
          <div
            onFocus={[Function]}
            tabIndex={0}
          />
        </div>
      </div>
    </div>
  </div>
</div>
`;
