// Jest Snapshot v1, https://goo.gl/fbAQLP

exports[`renders configure 1`] = `
<section
  aria-labelledby="tab-CONFIGURE"
  class="App-tabContent coral coral-configure"
  data-testid="current-tab-pane"
  id="tabPane-CONFIGURE"
>
  <div>
    <section
      aria-label="Authentication"
      class="coral coral-viewerBox"
    >
      <div
        class="UserBoxAuthenticated-text coral coral-viewerBox-usernameLabel"
      >
        Signed in as
      </div>
      <div
        class="Box-root Flex-root coral coral-viewerBox-usernameContainer Flex-flex Flex-wrap Flex-alignFlexEnd"
      >
        <div
          class="coral coral-viewerBox-username UserBoxAuthenticated-username"
        >
          Moderator
        </div>
        <span
          class="UserBoxAuthenticated-text UserBoxAuthenticated-signOut"
        >
          Not you? 
          <button
            class="BaseButton-root Button-base Button-flat Button-fontSizeSmall Button-textAlignCenter Button-fontFamilyPrimary Button-fontWeightPrimarySemiBold Button-colorPrimary Button-underline UserBoxAuthenticated-userBoxButton coral coral-viewerBox-logoutButton"
            data-variant="flat"
            type="button"
          >
            Sign Out
          </button>
        </span>
      </div>
    </section>
    <section
      aria-labelledby="configure-stream-configureThisStream-title"
    >
      <form
        autocomplete="off"
        class="coral coral-configureCommentStream"
        id="configure-form"
      >
        <div
          class="ConfigureStream-heading"
          id="configure-stream-configureThisStream-title"
        >
          Configure this stream
        </div>
        <div
          class="ConfigureStream-configureItems"
        >
          <div>
            <div
              class="CheckBox-root CheckBox-streamBlue"
            >
              <input
                class="CheckBox-input CheckBox-streamBlue"
                id="moderation"
                name="moderation"
                type="checkbox"
                value="false"
              />
              <label
                class="CheckBox-label CheckBox-streamBlue"
                for="moderation"
              >
                <span
                  class="CheckBox-labelSpan coral coral-checkbox-label"
                >
                  <div
                    class="ToggleConfig-title"
                  >
                    <span>
                      Pre-moderate all comments
                    </span>
                  </div>
                </span>
              </label>
            </div>
            <div
              class="ToggleConfig-details"
            >
              <div
                class="WidthLimitedDescription-root"
              >
                Moderators must approve any comment before it is published to this story.
              </div>
            </div>
          </div>
          <div>
            <div
              class="CheckBox-root CheckBox-streamBlue"
            >
              <input
                class="CheckBox-input CheckBox-streamBlue"
                id="premodLinksEnable"
                name="premodLinksEnable"
                type="checkbox"
                value="false"
              />
              <label
                class="CheckBox-label CheckBox-streamBlue"
                for="premodLinksEnable"
              >
                <span
                  class="CheckBox-labelSpan coral coral-checkbox-label"
                >
                  <div
                    class="ToggleConfig-title"
                  >
                    <span>
                      Pre-moderate comments containing links
                    </span>
                  </div>
                </span>
              </label>
            </div>
            <div
              class="ToggleConfig-details"
            >
              <div
                class="WidthLimitedDescription-root"
              >
                Moderators must approve any comment that contains a link before it is published to this story.
              </div>
            </div>
          </div>
        </div>
        <button
          class="BaseButton-root Button-base Button-filled Button-fontSizeSmall Button-textAlignCenter Button-fontFamilyPrimary Button-fontWeightPrimaryBold Button-paddingSizeSmall Button-colorPrimary Button-disabled Button-upperCase coral coral-configureCommentStream-applyButton"
          data-testid="configure-stream-apply"
          data-variant="filled"
          disabled=""
          type="submit"
        >
          Update
        </button>
        <div
          class="ConfigureStream-footer"
        />
      </form>
    </section>
    <hr
      class="HorizontalRule-root"
    />
    <section
      aria-labelledby="configure-addMessage-title"
    >
      <div
        class="coral coral-openCommentStream"
      >
        <div
          class="shared-heading"
          id="configure-addMessage-title"
        >
          Add a message or question
        </div>
        <div
          class="shared-description"
        >
          Add a message to the top of the comment box for your readers. Use this
to pose a topic, ask a question or make announcements relating to this
story.
        </div>
        <button
          class="BaseButton-root Button-base Button-filled Button-fontSizeSmall Button-textAlignCenter Button-fontFamilyPrimary Button-fontWeightPrimaryBold Button-paddingSizeSmall Button-colorSecondary Button-upperCase coral coral-openCommentStream-openButton"
          data-testid="configure-addMessage"
          data-variant="filled"
          type="button"
        >
          Add message
        </button>
      </div>
      <div
        class="AddMessageContainer-messagesHidden"
      />
    </section>
    <hr
      class="HorizontalRule-root"
    />
    <section
      aria-labelledby="configure-closeStream-title"
    >
      <div
        class="coral coral-closeCommentStream"
      >
        <div
          class="CloseStream-heading"
          id="configure-closeStream-title"
        >
          Close comment stream
        </div>
        <div
          class="CloseStream-description"
        >
          This comment stream is currently open. By closing this comment stream,
no new comments may be submitted and all previously submitted comments
will still be displayed.
        </div>
        <button
          class="BaseButton-root Button-base Button-filled Button-fontSizeSmall Button-textAlignCenter Button-fontFamilyPrimary Button-fontWeightPrimaryBold Button-paddingSizeSmall Button-colorError Button-upperCase coral coral-closeCommentStream-closeButton"
          data-variant="filled"
          type="button"
        >
          Close Stream
        </button>
      </div>
      <div
        class="OpenOrCloseStreamContainer-calloutHidden"
      />
    </section>
  </div>
</section>
`;
