// Jest Snapshot v1, https://goo.gl/fbAQLP

exports[`renders correctly 1`] = `
<div
  data-testid="moderate-container"
>
  <withRouter(Relay(ModerateSearchBarContainer))
    allStories={true}
    sectionSelector={
      <Relay(SectionSelectorContainer)
        query=""
      />
    }
    settings={
      Object {
        "multisite": false,
      }
    }
    siteID={null}
    siteSelector={
      <Relay(SiteSelectorContainer)
        query=""
        settings={
          Object {
            "multisite": false,
          }
        }
        siteID={null}
        viewer={null}
      />
    }
    story={Object {}}
  />
  <withPropsOnChange(SubBar)
    className="Moderate-subBar"
    data-testid="moderate-tabBar-container"
  >
    <Relay(ModerateNavigationContainer)
      moderationQueues={Object {}}
      settings={
        Object {
          "multisite": false,
        }
      }
      siteID={null}
      story={Object {}}
    />
    <QueueSort />
  </withPropsOnChange(SubBar)>
  <div
    className="Moderate-background"
  />
  <MainLayout
    data-testid="moderate-main-container"
  >
    <main
      className="Moderate-main"
    />
  </MainLayout>
  <HotkeysModal
    onClose={[Function]}
    open={false}
  />
</div>
`;
