// Jest Snapshot v1, https://goo.gl/fbAQLP

exports[`hide reply button 1`] = `
<div
  className="coral coral-comment coral coral-reacted-0"
  data-testid="comment-comment-id"
>
  <ForwardRef(forwardRef)>
    <IndentedComment
      blur={false}
      body="Woof"
      createdAt="1995-12-17T03:24:00.000Z"
      footer={
        <React.Fragment>
          <ForwardRef(forwardRef)
            className="coral coral-comment-actionBar"
            justifyContent="space-between"
          >
            <ButtonsBar
              className="CommentContainer-actionBar"
            >
              <withContext(createMutationContainer(withContext(createMutationContainer(withContext(createMutationContainer(Relay(ReactionButtonContainer)))))))
                className="CommentContainer-actionButton coral coral-reactButton coral-comment-reactButton"
                comment={
                  Object {
                    "actionCounts": Object {
                      "reaction": Object {
                        "total": 0,
                      },
                    },
                    "author": Object {
                      "badges": Array [],
                      "id": "author-id",
                      "username": "Marvin",
                    },
                    "body": "Woof",
                    "createdAt": "1995-12-17T03:24:00.000Z",
                    "deleted": false,
                    "editing": Object {
                      "editableUntil": "1995-12-17T03:24:30.000Z",
                      "edited": false,
                    },
                    "id": "comment-id",
                    "lastViewerAction": null,
                    "parent": null,
                    "pending": false,
                    "status": "NONE",
                    "tags": Array [],
                    "viewerActionPresence": Object {
                      "dontAgree": false,
                      "flag": false,
                    },
                  }
                }
                isQA={false}
                reactedClassName="CommentContainer-actionButton coral-reactedButton coral-comment-reactedButton"
                readOnly={false}
                settings={
                  Object {
                    "disableCommenting": Object {
                      "enabled": false,
                    },
                  }
                }
                viewer={null}
              />
              <Relay(PermalinkButtonContainer)
                className="CommentContainer-actionButton coral coral-comment-shareButton"
                commentID="comment-id"
                story={
                  Object {
                    "isClosed": false,
                    "settings": Object {
                      "mode": "COMMENTS",
                    },
                    "url": "http://localhost/story",
                  }
                }
              />
            </ButtonsBar>
            <ButtonsBar>
              <withContext(createMutationContainer(Relay(ReportButton)))
                comment={
                  Object {
                    "actionCounts": Object {
                      "reaction": Object {
                        "total": 0,
                      },
                    },
                    "author": Object {
                      "badges": Array [],
                      "id": "author-id",
                      "username": "Marvin",
                    },
                    "body": "Woof",
                    "createdAt": "1995-12-17T03:24:00.000Z",
                    "deleted": false,
                    "editing": Object {
                      "editableUntil": "1995-12-17T03:24:30.000Z",
                      "edited": false,
                    },
                    "id": "comment-id",
                    "lastViewerAction": null,
                    "parent": null,
                    "pending": false,
                    "status": "NONE",
                    "tags": Array [],
                    "viewerActionPresence": Object {
                      "dontAgree": false,
                      "flag": false,
                    },
                  }
                }
                onClick={[Function]}
                open={false}
                viewer={null}
              />
            </ButtonsBar>
          </ForwardRef(forwardRef)>
        </React.Fragment>
      }
      indentLevel={1}
      parentAuthorName={null}
      showEditedMarker={false}
      topBarRight={
        <ForwardRef(forwardRef)
          alignItems="center"
          itemGutter={true}
        >
          <React.Fragment />
        </ForwardRef(forwardRef)>
      }
      username={
        <React.Fragment>
          <Relay(UsernameWithPopoverContainer)
            className="coral coral-username coral-comment-username"
            comment={
              Object {
                "actionCounts": Object {
                  "reaction": Object {
                    "total": 0,
                  },
                },
                "author": Object {
                  "badges": Array [],
                  "id": "author-id",
                  "username": "Marvin",
                },
                "body": "Woof",
                "createdAt": "1995-12-17T03:24:00.000Z",
                "deleted": false,
                "editing": Object {
                  "editableUntil": "1995-12-17T03:24:30.000Z",
                  "edited": false,
                },
                "id": "comment-id",
                "lastViewerAction": null,
                "parent": null,
                "pending": false,
                "status": "NONE",
                "tags": Array [],
                "viewerActionPresence": Object {
                  "dontAgree": false,
                  "flag": false,
                },
              }
            }
            viewer={null}
          />
          <Relay(UserTagsContainer)
            className="coral coral-userTag coral-comment-userTag"
            comment={
              Object {
                "actionCounts": Object {
                  "reaction": Object {
                    "total": 0,
                  },
                },
                "author": Object {
                  "badges": Array [],
                  "id": "author-id",
                  "username": "Marvin",
                },
                "body": "Woof",
                "createdAt": "1995-12-17T03:24:00.000Z",
                "deleted": false,
                "editing": Object {
                  "editableUntil": "1995-12-17T03:24:30.000Z",
                  "edited": false,
                },
                "id": "comment-id",
                "lastViewerAction": null,
                "parent": null,
                "pending": false,
                "status": "NONE",
                "tags": Array [],
                "viewerActionPresence": Object {
                  "dontAgree": false,
                  "flag": false,
                },
              }
            }
            settings={
              Object {
                "disableCommenting": Object {
                  "enabled": false,
                },
              }
            }
            story={
              Object {
                "isClosed": false,
                "settings": Object {
                  "mode": "COMMENTS",
                },
                "url": "http://localhost/story",
              }
            }
          />
          <Relay(AuthorBadgesContainer)
            className="coral coral-userBadge coral-comment-userBadge"
            comment={
              Object {
                "actionCounts": Object {
                  "reaction": Object {
                    "total": 0,
                  },
                },
                "author": Object {
                  "badges": Array [],
                  "id": "author-id",
                  "username": "Marvin",
                },
                "body": "Woof",
                "createdAt": "1995-12-17T03:24:00.000Z",
                "deleted": false,
                "editing": Object {
                  "editableUntil": "1995-12-17T03:24:30.000Z",
                  "edited": false,
                },
                "id": "comment-id",
                "lastViewerAction": null,
                "parent": null,
                "pending": false,
                "status": "NONE",
                "tags": Array [],
                "viewerActionPresence": Object {
                  "dontAgree": false,
                  "flag": false,
                },
              }
            }
          />
        </React.Fragment>
      }
    />
  </ForwardRef(forwardRef)>
</div>
`;

exports[`renders body only 1`] = `
<div
  className="coral coral-comment coral coral-reacted-0"
  data-testid="comment-comment-id"
>
  <ForwardRef(forwardRef)>
    <IndentedComment
      blur={false}
      body="Woof"
      createdAt="1995-12-17T03:24:00.000Z"
      footer={
        <React.Fragment>
          <ForwardRef(forwardRef)
            className="coral coral-comment-actionBar"
            justifyContent="space-between"
          >
            <ButtonsBar
              className="CommentContainer-actionBar"
            >
              <withContext(createMutationContainer(withContext(createMutationContainer(withContext(createMutationContainer(Relay(ReactionButtonContainer)))))))
                className="CommentContainer-actionButton coral coral-reactButton coral-comment-reactButton"
                comment={
                  Object {
                    "actionCounts": Object {
                      "reaction": Object {
                        "total": 0,
                      },
                    },
                    "author": Object {
                      "badges": Array [],
                      "id": "author-id",
                      "username": null,
                    },
                    "body": "Woof",
                    "createdAt": "1995-12-17T03:24:00.000Z",
                    "deleted": false,
                    "editing": Object {
                      "editableUntil": "1995-12-17T03:24:30.000Z",
                      "edited": false,
                    },
                    "id": "comment-id",
                    "lastViewerAction": null,
                    "parent": null,
                    "pending": false,
                    "status": "NONE",
                    "tags": Array [],
                    "viewerActionPresence": Object {
                      "dontAgree": false,
                      "flag": false,
                    },
                  }
                }
                isQA={false}
                reactedClassName="CommentContainer-actionButton coral-reactedButton coral-comment-reactedButton"
                readOnly={false}
                settings={
                  Object {
                    "disableCommenting": Object {
                      "enabled": false,
                    },
                  }
                }
                viewer={null}
              />
              <ReplyButton
                active={false}
                className="CommentContainer-actionButton coral coral-comment-replyButton"
                disabled={false}
                id="comments-commentContainer-replyButton-comment-id"
                onClick={[Function]}
              />
              <Relay(PermalinkButtonContainer)
                className="CommentContainer-actionButton coral coral-comment-shareButton"
                commentID="comment-id"
                story={
                  Object {
                    "isClosed": false,
                    "settings": Object {
                      "mode": "COMMENTS",
                    },
                    "url": "http://localhost/story",
                  }
                }
              />
            </ButtonsBar>
            <ButtonsBar>
              <withContext(createMutationContainer(Relay(ReportButton)))
                comment={
                  Object {
                    "actionCounts": Object {
                      "reaction": Object {
                        "total": 0,
                      },
                    },
                    "author": Object {
                      "badges": Array [],
                      "id": "author-id",
                      "username": null,
                    },
                    "body": "Woof",
                    "createdAt": "1995-12-17T03:24:00.000Z",
                    "deleted": false,
                    "editing": Object {
                      "editableUntil": "1995-12-17T03:24:30.000Z",
                      "edited": false,
                    },
                    "id": "comment-id",
                    "lastViewerAction": null,
                    "parent": null,
                    "pending": false,
                    "status": "NONE",
                    "tags": Array [],
                    "viewerActionPresence": Object {
                      "dontAgree": false,
                      "flag": false,
                    },
                  }
                }
                onClick={[Function]}
                open={false}
                viewer={null}
              />
            </ButtonsBar>
          </ForwardRef(forwardRef)>
        </React.Fragment>
      }
      indentLevel={1}
      parentAuthorName={null}
      showEditedMarker={false}
      topBarRight={
        <ForwardRef(forwardRef)
          alignItems="center"
          itemGutter={true}
        >
          <React.Fragment />
        </ForwardRef(forwardRef)>
      }
      username={
        <React.Fragment>
          <Relay(UsernameWithPopoverContainer)
            className="coral coral-username coral-comment-username"
            comment={
              Object {
                "actionCounts": Object {
                  "reaction": Object {
                    "total": 0,
                  },
                },
                "author": Object {
                  "badges": Array [],
                  "id": "author-id",
                  "username": null,
                },
                "body": "Woof",
                "createdAt": "1995-12-17T03:24:00.000Z",
                "deleted": false,
                "editing": Object {
                  "editableUntil": "1995-12-17T03:24:30.000Z",
                  "edited": false,
                },
                "id": "comment-id",
                "lastViewerAction": null,
                "parent": null,
                "pending": false,
                "status": "NONE",
                "tags": Array [],
                "viewerActionPresence": Object {
                  "dontAgree": false,
                  "flag": false,
                },
              }
            }
            viewer={null}
          />
          <Relay(UserTagsContainer)
            className="coral coral-userTag coral-comment-userTag"
            comment={
              Object {
                "actionCounts": Object {
                  "reaction": Object {
                    "total": 0,
                  },
                },
                "author": Object {
                  "badges": Array [],
                  "id": "author-id",
                  "username": null,
                },
                "body": "Woof",
                "createdAt": "1995-12-17T03:24:00.000Z",
                "deleted": false,
                "editing": Object {
                  "editableUntil": "1995-12-17T03:24:30.000Z",
                  "edited": false,
                },
                "id": "comment-id",
                "lastViewerAction": null,
                "parent": null,
                "pending": false,
                "status": "NONE",
                "tags": Array [],
                "viewerActionPresence": Object {
                  "dontAgree": false,
                  "flag": false,
                },
              }
            }
            settings={
              Object {
                "disableCommenting": Object {
                  "enabled": false,
                },
              }
            }
            story={
              Object {
                "isClosed": false,
                "settings": Object {
                  "mode": "COMMENTS",
                },
                "url": "http://localhost/story",
              }
            }
          />
          <Relay(AuthorBadgesContainer)
            className="coral coral-userBadge coral-comment-userBadge"
            comment={
              Object {
                "actionCounts": Object {
                  "reaction": Object {
                    "total": 0,
                  },
                },
                "author": Object {
                  "badges": Array [],
                  "id": "author-id",
                  "username": null,
                },
                "body": "Woof",
                "createdAt": "1995-12-17T03:24:00.000Z",
                "deleted": false,
                "editing": Object {
                  "editableUntil": "1995-12-17T03:24:30.000Z",
                  "edited": false,
                },
                "id": "comment-id",
                "lastViewerAction": null,
                "parent": null,
                "pending": false,
                "status": "NONE",
                "tags": Array [],
                "viewerActionPresence": Object {
                  "dontAgree": false,
                  "flag": false,
                },
              }
            }
          />
        </React.Fragment>
      }
    />
  </ForwardRef(forwardRef)>
</div>
`;

exports[`renders disabled reply when commenting has been disabled 1`] = `
<div
  className="coral coral-comment coral coral-reacted-0"
  data-testid="comment-comment-id"
>
  <ForwardRef(forwardRef)>
    <IndentedComment
      blur={false}
      body="Woof"
      createdAt="1995-12-17T03:24:00.000Z"
      footer={
        <React.Fragment>
          <ForwardRef(forwardRef)
            className="coral coral-comment-actionBar"
            justifyContent="space-between"
          >
            <ButtonsBar
              className="CommentContainer-actionBar"
            >
              <withContext(createMutationContainer(withContext(createMutationContainer(withContext(createMutationContainer(Relay(ReactionButtonContainer)))))))
                className="CommentContainer-actionButton coral coral-reactButton coral-comment-reactButton"
                comment={
                  Object {
                    "actionCounts": Object {
                      "reaction": Object {
                        "total": 0,
                      },
                    },
                    "author": Object {
                      "badges": Array [],
                      "id": "author-id",
                      "username": "Marvin",
                    },
                    "body": "Woof",
                    "createdAt": "1995-12-17T03:24:00.000Z",
                    "deleted": false,
                    "editing": Object {
                      "editableUntil": "1995-12-17T03:24:30.000Z",
                      "edited": false,
                    },
                    "id": "comment-id",
                    "lastViewerAction": null,
                    "parent": null,
                    "pending": false,
                    "status": "NONE",
                    "tags": Array [],
                    "viewerActionPresence": Object {
                      "dontAgree": false,
                      "flag": false,
                    },
                  }
                }
                isQA={false}
                reactedClassName="CommentContainer-actionButton coral-reactedButton coral-comment-reactedButton"
                readOnly={false}
                settings={
                  Object {
                    "disableCommenting": Object {
                      "enabled": true,
                    },
                  }
                }
                viewer={null}
              />
              <ReplyButton
                active={false}
                className="CommentContainer-actionButton coral coral-comment-replyButton"
                disabled={true}
                id="comments-commentContainer-replyButton-comment-id"
                onClick={[Function]}
              />
              <Relay(PermalinkButtonContainer)
                className="CommentContainer-actionButton coral coral-comment-shareButton"
                commentID="comment-id"
                story={
                  Object {
                    "isClosed": false,
                    "settings": Object {
                      "mode": "COMMENTS",
                    },
                    "url": "http://localhost/story",
                  }
                }
              />
            </ButtonsBar>
            <ButtonsBar>
              <withContext(createMutationContainer(Relay(ReportButton)))
                comment={
                  Object {
                    "actionCounts": Object {
                      "reaction": Object {
                        "total": 0,
                      },
                    },
                    "author": Object {
                      "badges": Array [],
                      "id": "author-id",
                      "username": "Marvin",
                    },
                    "body": "Woof",
                    "createdAt": "1995-12-17T03:24:00.000Z",
                    "deleted": false,
                    "editing": Object {
                      "editableUntil": "1995-12-17T03:24:30.000Z",
                      "edited": false,
                    },
                    "id": "comment-id",
                    "lastViewerAction": null,
                    "parent": null,
                    "pending": false,
                    "status": "NONE",
                    "tags": Array [],
                    "viewerActionPresence": Object {
                      "dontAgree": false,
                      "flag": false,
                    },
                  }
                }
                onClick={[Function]}
                open={false}
                viewer={null}
              />
            </ButtonsBar>
          </ForwardRef(forwardRef)>
        </React.Fragment>
      }
      indentLevel={1}
      parentAuthorName={null}
      showEditedMarker={false}
      topBarRight={
        <ForwardRef(forwardRef)
          alignItems="center"
          itemGutter={true}
        >
          <React.Fragment />
        </ForwardRef(forwardRef)>
      }
      username={
        <React.Fragment>
          <Relay(UsernameWithPopoverContainer)
            className="coral coral-username coral-comment-username"
            comment={
              Object {
                "actionCounts": Object {
                  "reaction": Object {
                    "total": 0,
                  },
                },
                "author": Object {
                  "badges": Array [],
                  "id": "author-id",
                  "username": "Marvin",
                },
                "body": "Woof",
                "createdAt": "1995-12-17T03:24:00.000Z",
                "deleted": false,
                "editing": Object {
                  "editableUntil": "1995-12-17T03:24:30.000Z",
                  "edited": false,
                },
                "id": "comment-id",
                "lastViewerAction": null,
                "parent": null,
                "pending": false,
                "status": "NONE",
                "tags": Array [],
                "viewerActionPresence": Object {
                  "dontAgree": false,
                  "flag": false,
                },
              }
            }
            viewer={null}
          />
          <Relay(UserTagsContainer)
            className="coral coral-userTag coral-comment-userTag"
            comment={
              Object {
                "actionCounts": Object {
                  "reaction": Object {
                    "total": 0,
                  },
                },
                "author": Object {
                  "badges": Array [],
                  "id": "author-id",
                  "username": "Marvin",
                },
                "body": "Woof",
                "createdAt": "1995-12-17T03:24:00.000Z",
                "deleted": false,
                "editing": Object {
                  "editableUntil": "1995-12-17T03:24:30.000Z",
                  "edited": false,
                },
                "id": "comment-id",
                "lastViewerAction": null,
                "parent": null,
                "pending": false,
                "status": "NONE",
                "tags": Array [],
                "viewerActionPresence": Object {
                  "dontAgree": false,
                  "flag": false,
                },
              }
            }
            settings={
              Object {
                "disableCommenting": Object {
                  "enabled": true,
                },
              }
            }
            story={
              Object {
                "isClosed": false,
                "settings": Object {
                  "mode": "COMMENTS",
                },
                "url": "http://localhost/story",
              }
            }
          />
          <Relay(AuthorBadgesContainer)
            className="coral coral-userBadge coral-comment-userBadge"
            comment={
              Object {
                "actionCounts": Object {
                  "reaction": Object {
                    "total": 0,
                  },
                },
                "author": Object {
                  "badges": Array [],
                  "id": "author-id",
                  "username": "Marvin",
                },
                "body": "Woof",
                "createdAt": "1995-12-17T03:24:00.000Z",
                "deleted": false,
                "editing": Object {
                  "editableUntil": "1995-12-17T03:24:30.000Z",
                  "edited": false,
                },
                "id": "comment-id",
                "lastViewerAction": null,
                "parent": null,
                "pending": false,
                "status": "NONE",
                "tags": Array [],
                "viewerActionPresence": Object {
                  "dontAgree": false,
                  "flag": false,
                },
              }
            }
          />
        </React.Fragment>
      }
    />
  </ForwardRef(forwardRef)>
</div>
`;

exports[`renders disabled reply when story is closed 1`] = `
<div
  className="coral coral-comment coral coral-reacted-0"
  data-testid="comment-comment-id"
>
  <ForwardRef(forwardRef)>
    <IndentedComment
      blur={false}
      body="Woof"
      createdAt="1995-12-17T03:24:00.000Z"
      footer={
        <React.Fragment>
          <ForwardRef(forwardRef)
            className="coral coral-comment-actionBar"
            justifyContent="space-between"
          >
            <ButtonsBar
              className="CommentContainer-actionBar"
            >
              <withContext(createMutationContainer(withContext(createMutationContainer(withContext(createMutationContainer(Relay(ReactionButtonContainer)))))))
                className="CommentContainer-actionButton coral coral-reactButton coral-comment-reactButton"
                comment={
                  Object {
                    "actionCounts": Object {
                      "reaction": Object {
                        "total": 0,
                      },
                    },
                    "author": Object {
                      "badges": Array [],
                      "id": "author-id",
                      "username": "Marvin",
                    },
                    "body": "Woof",
                    "createdAt": "1995-12-17T03:24:00.000Z",
                    "deleted": false,
                    "editing": Object {
                      "editableUntil": "1995-12-17T03:24:30.000Z",
                      "edited": false,
                    },
                    "id": "comment-id",
                    "lastViewerAction": null,
                    "parent": null,
                    "pending": false,
                    "status": "NONE",
                    "tags": Array [],
                    "viewerActionPresence": Object {
                      "dontAgree": false,
                      "flag": false,
                    },
                  }
                }
                isQA={false}
                reactedClassName="CommentContainer-actionButton coral-reactedButton coral-comment-reactedButton"
                readOnly={false}
                settings={
                  Object {
                    "disableCommenting": Object {
                      "enabled": false,
                    },
                  }
                }
                viewer={null}
              />
              <ReplyButton
                active={false}
                className="CommentContainer-actionButton coral coral-comment-replyButton"
                disabled={true}
                id="comments-commentContainer-replyButton-comment-id"
                onClick={[Function]}
              />
              <Relay(PermalinkButtonContainer)
                className="CommentContainer-actionButton coral coral-comment-shareButton"
                commentID="comment-id"
                story={
                  Object {
                    "isClosed": true,
                    "settings": Object {
                      "mode": "COMMENTS",
                    },
                    "url": "http://localhost/story",
                  }
                }
              />
            </ButtonsBar>
            <ButtonsBar>
              <withContext(createMutationContainer(Relay(ReportButton)))
                comment={
                  Object {
                    "actionCounts": Object {
                      "reaction": Object {
                        "total": 0,
                      },
                    },
                    "author": Object {
                      "badges": Array [],
                      "id": "author-id",
                      "username": "Marvin",
                    },
                    "body": "Woof",
                    "createdAt": "1995-12-17T03:24:00.000Z",
                    "deleted": false,
                    "editing": Object {
                      "editableUntil": "1995-12-17T03:24:30.000Z",
                      "edited": false,
                    },
                    "id": "comment-id",
                    "lastViewerAction": null,
                    "parent": null,
                    "pending": false,
                    "status": "NONE",
                    "tags": Array [],
                    "viewerActionPresence": Object {
                      "dontAgree": false,
                      "flag": false,
                    },
                  }
                }
                onClick={[Function]}
                open={false}
                viewer={null}
              />
            </ButtonsBar>
          </ForwardRef(forwardRef)>
        </React.Fragment>
      }
      indentLevel={1}
      parentAuthorName={null}
      showEditedMarker={false}
      topBarRight={
        <ForwardRef(forwardRef)
          alignItems="center"
          itemGutter={true}
        >
          <React.Fragment />
        </ForwardRef(forwardRef)>
      }
      username={
        <React.Fragment>
          <Relay(UsernameWithPopoverContainer)
            className="coral coral-username coral-comment-username"
            comment={
              Object {
                "actionCounts": Object {
                  "reaction": Object {
                    "total": 0,
                  },
                },
                "author": Object {
                  "badges": Array [],
                  "id": "author-id",
                  "username": "Marvin",
                },
                "body": "Woof",
                "createdAt": "1995-12-17T03:24:00.000Z",
                "deleted": false,
                "editing": Object {
                  "editableUntil": "1995-12-17T03:24:30.000Z",
                  "edited": false,
                },
                "id": "comment-id",
                "lastViewerAction": null,
                "parent": null,
                "pending": false,
                "status": "NONE",
                "tags": Array [],
                "viewerActionPresence": Object {
                  "dontAgree": false,
                  "flag": false,
                },
              }
            }
            viewer={null}
          />
          <Relay(UserTagsContainer)
            className="coral coral-userTag coral-comment-userTag"
            comment={
              Object {
                "actionCounts": Object {
                  "reaction": Object {
                    "total": 0,
                  },
                },
                "author": Object {
                  "badges": Array [],
                  "id": "author-id",
                  "username": "Marvin",
                },
                "body": "Woof",
                "createdAt": "1995-12-17T03:24:00.000Z",
                "deleted": false,
                "editing": Object {
                  "editableUntil": "1995-12-17T03:24:30.000Z",
                  "edited": false,
                },
                "id": "comment-id",
                "lastViewerAction": null,
                "parent": null,
                "pending": false,
                "status": "NONE",
                "tags": Array [],
                "viewerActionPresence": Object {
                  "dontAgree": false,
                  "flag": false,
                },
              }
            }
            settings={
              Object {
                "disableCommenting": Object {
                  "enabled": false,
                },
              }
            }
            story={
              Object {
                "isClosed": true,
                "settings": Object {
                  "mode": "COMMENTS",
                },
                "url": "http://localhost/story",
              }
            }
          />
          <Relay(AuthorBadgesContainer)
            className="coral coral-userBadge coral-comment-userBadge"
            comment={
              Object {
                "actionCounts": Object {
                  "reaction": Object {
                    "total": 0,
                  },
                },
                "author": Object {
                  "badges": Array [],
                  "id": "author-id",
                  "username": "Marvin",
                },
                "body": "Woof",
                "createdAt": "1995-12-17T03:24:00.000Z",
                "deleted": false,
                "editing": Object {
                  "editableUntil": "1995-12-17T03:24:30.000Z",
                  "edited": false,
                },
                "id": "comment-id",
                "lastViewerAction": null,
                "parent": null,
                "pending": false,
                "status": "NONE",
                "tags": Array [],
                "viewerActionPresence": Object {
                  "dontAgree": false,
                  "flag": false,
                },
              }
            }
          />
        </React.Fragment>
      }
    />
  </ForwardRef(forwardRef)>
</div>
`;

exports[`renders in reply to 1`] = `
<div
  className="coral coral-comment coral coral-reacted-0"
  data-testid="comment-comment-id"
>
  <ForwardRef(forwardRef)>
    <IndentedComment
      blur={false}
      body="Woof"
      createdAt="1995-12-17T03:24:00.000Z"
      footer={
        <React.Fragment>
          <ForwardRef(forwardRef)
            className="coral coral-comment-actionBar"
            justifyContent="space-between"
          >
            <ButtonsBar
              className="CommentContainer-actionBar"
            >
              <withContext(createMutationContainer(withContext(createMutationContainer(withContext(createMutationContainer(Relay(ReactionButtonContainer)))))))
                className="CommentContainer-actionButton coral coral-reactButton coral-comment-reactButton"
                comment={
                  Object {
                    "actionCounts": Object {
                      "reaction": Object {
                        "total": 0,
                      },
                    },
                    "author": Object {
                      "badges": Array [],
                      "id": "author-id",
                      "username": "Marvin",
                    },
                    "body": "Woof",
                    "createdAt": "1995-12-17T03:24:00.000Z",
                    "deleted": false,
                    "editing": Object {
                      "editableUntil": "1995-12-17T03:24:30.000Z",
                      "edited": false,
                    },
                    "id": "comment-id",
                    "lastViewerAction": null,
                    "parent": Object {
                      "author": Object {
                        "username": "ParentAuthor",
                      },
                    },
                    "pending": false,
                    "status": "NONE",
                    "tags": Array [],
                    "viewerActionPresence": Object {
                      "dontAgree": false,
                      "flag": false,
                    },
                  }
                }
                isQA={false}
                reactedClassName="CommentContainer-actionButton coral-reactedButton coral-comment-reactedButton"
                readOnly={false}
                settings={
                  Object {
                    "disableCommenting": Object {
                      "enabled": false,
                    },
                  }
                }
                viewer={null}
              />
              <ReplyButton
                active={false}
                className="CommentContainer-actionButton coral coral-comment-replyButton"
                disabled={false}
                id="comments-commentContainer-replyButton-comment-id"
                onClick={[Function]}
              />
              <Relay(PermalinkButtonContainer)
                className="CommentContainer-actionButton coral coral-comment-shareButton"
                commentID="comment-id"
                story={
                  Object {
                    "isClosed": false,
                    "settings": Object {
                      "mode": "COMMENTS",
                    },
                    "url": "http://localhost/story",
                  }
                }
              />
            </ButtonsBar>
            <ButtonsBar>
              <withContext(createMutationContainer(Relay(ReportButton)))
                comment={
                  Object {
                    "actionCounts": Object {
                      "reaction": Object {
                        "total": 0,
                      },
                    },
                    "author": Object {
                      "badges": Array [],
                      "id": "author-id",
                      "username": "Marvin",
                    },
                    "body": "Woof",
                    "createdAt": "1995-12-17T03:24:00.000Z",
                    "deleted": false,
                    "editing": Object {
                      "editableUntil": "1995-12-17T03:24:30.000Z",
                      "edited": false,
                    },
                    "id": "comment-id",
                    "lastViewerAction": null,
                    "parent": Object {
                      "author": Object {
                        "username": "ParentAuthor",
                      },
                    },
                    "pending": false,
                    "status": "NONE",
                    "tags": Array [],
                    "viewerActionPresence": Object {
                      "dontAgree": false,
                      "flag": false,
                    },
                  }
                }
                onClick={[Function]}
                open={false}
                viewer={null}
              />
            </ButtonsBar>
          </ForwardRef(forwardRef)>
        </React.Fragment>
      }
      indentLevel={1}
      parentAuthorName="ParentAuthor"
      showEditedMarker={false}
      topBarRight={
        <ForwardRef(forwardRef)
          alignItems="center"
          itemGutter={true}
        >
          <React.Fragment />
        </ForwardRef(forwardRef)>
      }
      username={
        <React.Fragment>
          <Relay(UsernameWithPopoverContainer)
            className="coral coral-username coral-comment-username"
            comment={
              Object {
                "actionCounts": Object {
                  "reaction": Object {
                    "total": 0,
                  },
                },
                "author": Object {
                  "badges": Array [],
                  "id": "author-id",
                  "username": "Marvin",
                },
                "body": "Woof",
                "createdAt": "1995-12-17T03:24:00.000Z",
                "deleted": false,
                "editing": Object {
                  "editableUntil": "1995-12-17T03:24:30.000Z",
                  "edited": false,
                },
                "id": "comment-id",
                "lastViewerAction": null,
                "parent": Object {
                  "author": Object {
                    "username": "ParentAuthor",
                  },
                },
                "pending": false,
                "status": "NONE",
                "tags": Array [],
                "viewerActionPresence": Object {
                  "dontAgree": false,
                  "flag": false,
                },
              }
            }
            viewer={null}
          />
          <Relay(UserTagsContainer)
            className="coral coral-userTag coral-comment-userTag"
            comment={
              Object {
                "actionCounts": Object {
                  "reaction": Object {
                    "total": 0,
                  },
                },
                "author": Object {
                  "badges": Array [],
                  "id": "author-id",
                  "username": "Marvin",
                },
                "body": "Woof",
                "createdAt": "1995-12-17T03:24:00.000Z",
                "deleted": false,
                "editing": Object {
                  "editableUntil": "1995-12-17T03:24:30.000Z",
                  "edited": false,
                },
                "id": "comment-id",
                "lastViewerAction": null,
                "parent": Object {
                  "author": Object {
                    "username": "ParentAuthor",
                  },
                },
                "pending": false,
                "status": "NONE",
                "tags": Array [],
                "viewerActionPresence": Object {
                  "dontAgree": false,
                  "flag": false,
                },
              }
            }
            settings={
              Object {
                "disableCommenting": Object {
                  "enabled": false,
                },
              }
            }
            story={
              Object {
                "isClosed": false,
                "settings": Object {
                  "mode": "COMMENTS",
                },
                "url": "http://localhost/story",
              }
            }
          />
          <Relay(AuthorBadgesContainer)
            className="coral coral-userBadge coral-comment-userBadge"
            comment={
              Object {
                "actionCounts": Object {
                  "reaction": Object {
                    "total": 0,
                  },
                },
                "author": Object {
                  "badges": Array [],
                  "id": "author-id",
                  "username": "Marvin",
                },
                "body": "Woof",
                "createdAt": "1995-12-17T03:24:00.000Z",
                "deleted": false,
                "editing": Object {
                  "editableUntil": "1995-12-17T03:24:30.000Z",
                  "edited": false,
                },
                "id": "comment-id",
                "lastViewerAction": null,
                "parent": Object {
                  "author": Object {
                    "username": "ParentAuthor",
                  },
                },
                "pending": false,
                "status": "NONE",
                "tags": Array [],
                "viewerActionPresence": Object {
                  "dontAgree": false,
                  "flag": false,
                },
              }
            }
          />
        </React.Fragment>
      }
    />
  </ForwardRef(forwardRef)>
</div>
`;

exports[`renders username and body 1`] = `
<div
  className="coral coral-comment coral coral-reacted-0"
  data-testid="comment-comment-id"
>
  <ForwardRef(forwardRef)>
    <IndentedComment
      blur={false}
      body="Woof"
      createdAt="1995-12-17T03:24:00.000Z"
      footer={
        <React.Fragment>
          <ForwardRef(forwardRef)
            className="coral coral-comment-actionBar"
            justifyContent="space-between"
          >
            <ButtonsBar
              className="CommentContainer-actionBar"
            >
              <withContext(createMutationContainer(withContext(createMutationContainer(withContext(createMutationContainer(Relay(ReactionButtonContainer)))))))
                className="CommentContainer-actionButton coral coral-reactButton coral-comment-reactButton"
                comment={
                  Object {
                    "actionCounts": Object {
                      "reaction": Object {
                        "total": 0,
                      },
                    },
                    "author": Object {
                      "badges": Array [],
                      "id": "author-id",
                      "username": "Marvin",
                    },
                    "body": "Woof",
                    "createdAt": "1995-12-17T03:24:00.000Z",
                    "deleted": false,
                    "editing": Object {
                      "editableUntil": "1995-12-17T03:24:30.000Z",
                      "edited": false,
                    },
                    "id": "comment-id",
                    "lastViewerAction": null,
                    "parent": null,
                    "pending": false,
                    "status": "NONE",
                    "tags": Array [],
                    "viewerActionPresence": Object {
                      "dontAgree": false,
                      "flag": false,
                    },
                  }
                }
                isQA={false}
                reactedClassName="CommentContainer-actionButton coral-reactedButton coral-comment-reactedButton"
                readOnly={false}
                settings={
                  Object {
                    "disableCommenting": Object {
                      "enabled": false,
                    },
                  }
                }
                viewer={null}
              />
              <ReplyButton
                active={false}
                className="CommentContainer-actionButton coral coral-comment-replyButton"
                disabled={false}
                id="comments-commentContainer-replyButton-comment-id"
                onClick={[Function]}
              />
              <Relay(PermalinkButtonContainer)
                className="CommentContainer-actionButton coral coral-comment-shareButton"
                commentID="comment-id"
                story={
                  Object {
                    "isClosed": false,
                    "settings": Object {
                      "mode": "COMMENTS",
                    },
                    "url": "http://localhost/story",
                  }
                }
              />
            </ButtonsBar>
            <ButtonsBar>
              <withContext(createMutationContainer(Relay(ReportButton)))
                comment={
                  Object {
                    "actionCounts": Object {
                      "reaction": Object {
                        "total": 0,
                      },
                    },
                    "author": Object {
                      "badges": Array [],
                      "id": "author-id",
                      "username": "Marvin",
                    },
                    "body": "Woof",
                    "createdAt": "1995-12-17T03:24:00.000Z",
                    "deleted": false,
                    "editing": Object {
                      "editableUntil": "1995-12-17T03:24:30.000Z",
                      "edited": false,
                    },
                    "id": "comment-id",
                    "lastViewerAction": null,
                    "parent": null,
                    "pending": false,
                    "status": "NONE",
                    "tags": Array [],
                    "viewerActionPresence": Object {
                      "dontAgree": false,
                      "flag": false,
                    },
                  }
                }
                onClick={[Function]}
                open={false}
                viewer={null}
              />
            </ButtonsBar>
          </ForwardRef(forwardRef)>
        </React.Fragment>
      }
      indentLevel={1}
      parentAuthorName={null}
      showEditedMarker={false}
      topBarRight={
        <ForwardRef(forwardRef)
          alignItems="center"
          itemGutter={true}
        >
          <React.Fragment />
        </ForwardRef(forwardRef)>
      }
      username={
        <React.Fragment>
          <Relay(UsernameWithPopoverContainer)
            className="coral coral-username coral-comment-username"
            comment={
              Object {
                "actionCounts": Object {
                  "reaction": Object {
                    "total": 0,
                  },
                },
                "author": Object {
                  "badges": Array [],
                  "id": "author-id",
                  "username": "Marvin",
                },
                "body": "Woof",
                "createdAt": "1995-12-17T03:24:00.000Z",
                "deleted": false,
                "editing": Object {
                  "editableUntil": "1995-12-17T03:24:30.000Z",
                  "edited": false,
                },
                "id": "comment-id",
                "lastViewerAction": null,
                "parent": null,
                "pending": false,
                "status": "NONE",
                "tags": Array [],
                "viewerActionPresence": Object {
                  "dontAgree": false,
                  "flag": false,
                },
              }
            }
            viewer={null}
          />
          <Relay(UserTagsContainer)
            className="coral coral-userTag coral-comment-userTag"
            comment={
              Object {
                "actionCounts": Object {
                  "reaction": Object {
                    "total": 0,
                  },
                },
                "author": Object {
                  "badges": Array [],
                  "id": "author-id",
                  "username": "Marvin",
                },
                "body": "Woof",
                "createdAt": "1995-12-17T03:24:00.000Z",
                "deleted": false,
                "editing": Object {
                  "editableUntil": "1995-12-17T03:24:30.000Z",
                  "edited": false,
                },
                "id": "comment-id",
                "lastViewerAction": null,
                "parent": null,
                "pending": false,
                "status": "NONE",
                "tags": Array [],
                "viewerActionPresence": Object {
                  "dontAgree": false,
                  "flag": false,
                },
              }
            }
            settings={
              Object {
                "disableCommenting": Object {
                  "enabled": false,
                },
              }
            }
            story={
              Object {
                "isClosed": false,
                "settings": Object {
                  "mode": "COMMENTS",
                },
                "url": "http://localhost/story",
              }
            }
          />
          <Relay(AuthorBadgesContainer)
            className="coral coral-userBadge coral-comment-userBadge"
            comment={
              Object {
                "actionCounts": Object {
                  "reaction": Object {
                    "total": 0,
                  },
                },
                "author": Object {
                  "badges": Array [],
                  "id": "author-id",
                  "username": "Marvin",
                },
                "body": "Woof",
                "createdAt": "1995-12-17T03:24:00.000Z",
                "deleted": false,
                "editing": Object {
                  "editableUntil": "1995-12-17T03:24:30.000Z",
                  "edited": false,
                },
                "id": "comment-id",
                "lastViewerAction": null,
                "parent": null,
                "pending": false,
                "status": "NONE",
                "tags": Array [],
                "viewerActionPresence": Object {
                  "dontAgree": false,
                  "flag": false,
                },
              }
            }
          />
        </React.Fragment>
      }
    />
  </ForwardRef(forwardRef)>
</div>
`;

exports[`renders with tombstone when comment has been deleted 1`] = `
<div
  className="coral coral-comment coral coral-reacted-0"
  data-testid="comment-comment-id"
>
  <ForwardRef(forwardRef) />
</div>
`;

exports[`shows conversation link 1`] = `
<div
  className="coral coral-comment coral coral-reacted-0"
  data-testid="comment-comment-id"
>
  <ForwardRef(forwardRef)>
    <IndentedComment
      blur={false}
      body="Woof"
      createdAt="1995-12-17T03:24:00.000Z"
      footer={
        <React.Fragment>
          <ForwardRef(forwardRef)
            className="coral coral-comment-actionBar"
            justifyContent="space-between"
          >
            <ButtonsBar
              className="CommentContainer-actionBar"
            >
              <withContext(createMutationContainer(withContext(createMutationContainer(withContext(createMutationContainer(Relay(ReactionButtonContainer)))))))
                className="CommentContainer-actionButton coral coral-reactButton coral-comment-reactButton"
                comment={
                  Object {
                    "actionCounts": Object {
                      "reaction": Object {
                        "total": 0,
                      },
                    },
                    "author": Object {
                      "badges": Array [],
                      "id": "author-id",
                      "username": "Marvin",
                    },
                    "body": "Woof",
                    "createdAt": "1995-12-17T03:24:00.000Z",
                    "deleted": false,
                    "editing": Object {
                      "editableUntil": "1995-12-17T03:24:30.000Z",
                      "edited": false,
                    },
                    "id": "comment-id",
                    "lastViewerAction": null,
                    "parent": null,
                    "pending": false,
                    "status": "NONE",
                    "tags": Array [],
                    "viewerActionPresence": Object {
                      "dontAgree": false,
                      "flag": false,
                    },
                  }
                }
                isQA={false}
                reactedClassName="CommentContainer-actionButton coral-reactedButton coral-comment-reactedButton"
                readOnly={false}
                settings={
                  Object {
                    "disableCommenting": Object {
                      "enabled": false,
                    },
                  }
                }
                viewer={null}
              />
              <ReplyButton
                active={false}
                className="CommentContainer-actionButton coral coral-comment-replyButton"
                disabled={false}
                id="comments-commentContainer-replyButton-comment-id"
                onClick={[Function]}
              />
              <Relay(PermalinkButtonContainer)
                className="CommentContainer-actionButton coral coral-comment-shareButton"
                commentID="comment-id"
                story={
                  Object {
                    "isClosed": false,
                    "settings": Object {
                      "mode": "COMMENTS",
                    },
                    "url": "http://localhost/story",
                  }
                }
              />
            </ButtonsBar>
            <ButtonsBar>
              <withContext(createMutationContainer(Relay(ReportButton)))
                comment={
                  Object {
                    "actionCounts": Object {
                      "reaction": Object {
                        "total": 0,
                      },
                    },
                    "author": Object {
                      "badges": Array [],
                      "id": "author-id",
                      "username": "Marvin",
                    },
                    "body": "Woof",
                    "createdAt": "1995-12-17T03:24:00.000Z",
                    "deleted": false,
                    "editing": Object {
                      "editableUntil": "1995-12-17T03:24:30.000Z",
                      "edited": false,
                    },
                    "id": "comment-id",
                    "lastViewerAction": null,
                    "parent": null,
                    "pending": false,
                    "status": "NONE",
                    "tags": Array [],
                    "viewerActionPresence": Object {
                      "dontAgree": false,
                      "flag": false,
                    },
                  }
                }
                onClick={[Function]}
                open={false}
                viewer={null}
              />
            </ButtonsBar>
          </ForwardRef(forwardRef)>
          <ShowConversationLink
            className="coral coral-comment-readMoreOfConveration"
            href="http://localhost/story?commentID=comment-id"
            id="comments-commentContainer-showConversation-comment-id"
            onClick={[Function]}
          />
        </React.Fragment>
      }
      indentLevel={1}
      parentAuthorName={null}
      showEditedMarker={false}
      topBarRight={
        <ForwardRef(forwardRef)
          alignItems="center"
          itemGutter={true}
        >
          <React.Fragment />
        </ForwardRef(forwardRef)>
      }
      username={
        <React.Fragment>
          <Relay(UsernameWithPopoverContainer)
            className="coral coral-username coral-comment-username"
            comment={
              Object {
                "actionCounts": Object {
                  "reaction": Object {
                    "total": 0,
                  },
                },
                "author": Object {
                  "badges": Array [],
                  "id": "author-id",
                  "username": "Marvin",
                },
                "body": "Woof",
                "createdAt": "1995-12-17T03:24:00.000Z",
                "deleted": false,
                "editing": Object {
                  "editableUntil": "1995-12-17T03:24:30.000Z",
                  "edited": false,
                },
                "id": "comment-id",
                "lastViewerAction": null,
                "parent": null,
                "pending": false,
                "status": "NONE",
                "tags": Array [],
                "viewerActionPresence": Object {
                  "dontAgree": false,
                  "flag": false,
                },
              }
            }
            viewer={null}
          />
          <Relay(UserTagsContainer)
            className="coral coral-userTag coral-comment-userTag"
            comment={
              Object {
                "actionCounts": Object {
                  "reaction": Object {
                    "total": 0,
                  },
                },
                "author": Object {
                  "badges": Array [],
                  "id": "author-id",
                  "username": "Marvin",
                },
                "body": "Woof",
                "createdAt": "1995-12-17T03:24:00.000Z",
                "deleted": false,
                "editing": Object {
                  "editableUntil": "1995-12-17T03:24:30.000Z",
                  "edited": false,
                },
                "id": "comment-id",
                "lastViewerAction": null,
                "parent": null,
                "pending": false,
                "status": "NONE",
                "tags": Array [],
                "viewerActionPresence": Object {
                  "dontAgree": false,
                  "flag": false,
                },
              }
            }
            settings={
              Object {
                "disableCommenting": Object {
                  "enabled": false,
                },
              }
            }
            story={
              Object {
                "isClosed": false,
                "settings": Object {
                  "mode": "COMMENTS",
                },
                "url": "http://localhost/story",
              }
            }
          />
          <Relay(AuthorBadgesContainer)
            className="coral coral-userBadge coral-comment-userBadge"
            comment={
              Object {
                "actionCounts": Object {
                  "reaction": Object {
                    "total": 0,
                  },
                },
                "author": Object {
                  "badges": Array [],
                  "id": "author-id",
                  "username": "Marvin",
                },
                "body": "Woof",
                "createdAt": "1995-12-17T03:24:00.000Z",
                "deleted": false,
                "editing": Object {
                  "editableUntil": "1995-12-17T03:24:30.000Z",
                  "edited": false,
                },
                "id": "comment-id",
                "lastViewerAction": null,
                "parent": null,
                "pending": false,
                "status": "NONE",
                "tags": Array [],
                "viewerActionPresence": Object {
                  "dontAgree": false,
                  "flag": false,
                },
              }
            }
          />
        </React.Fragment>
      }
    />
  </ForwardRef(forwardRef)>
</div>
`;
