// Jest Snapshot v1, https://goo.gl/fbAQLP

exports[`renders correctly 1`] = `
<Localized
  attrs={
    Object {
      "aria-label": true,
    }
  }
  id="comments-replyButton"
>
  <ForwardRef(forwardRef)
    active={true}
    color="mono"
    data-testid="comment-reply-button"
    id="id"
    onClick={[Function]}
    size="regular"
    variant="text"
  >
    <ForwardRef(forwardRef)>
      reply
    </ForwardRef(forwardRef)>
    <MatchMediaWithContext
      gtWidth="xs"
    >
      <Localized
        id="comments-replyButton-reply"
      >
        <span>
          Reply
        </span>
      </Localized>
    </MatchMediaWithContext>
  </ForwardRef(forwardRef)>
</Localized>
`;
