// Jest Snapshot v1, https://goo.gl/fbAQLP

exports[`renders comment stream with community guidelines 1`] = `
<section
  aria-labelledby="tab-COMMENTS"
  className="App-tabContent coral coral-comments"
  data-testid="current-tab-pane"
  id="tabPane-COMMENTS"
>
  <div
    className="Box-root HorizontalGutter-root StreamContainer-root coral coral-unauthenticated HorizontalGutter-double"
  >
    <div
      className="Box-root Flex-root Flex-flex Flex-wrap Flex-justifySpaceBetween Flex-alignFlexStart"
    >
      <section
        aria-label="Authentication"
        className="Box-root Flex-root coral coral-viewerBox Flex-flex Flex-wrap Flex-alignCenter"
      >
        <span
          className="UserBoxUnauthenticated-joinText"
        >
          Join the conversation
        </span>
        <div
          className="UserBoxUnauthenticated-actions"
        >
          <button
            className="BaseButton-root Button-base Button-filled Button-fontSizeExtraSmall Button-textAlignCenter Button-fontFamilyPrimary Button-fontWeightPrimaryBold Button-paddingSizeExtraSmall Button-colorPrimary Button-upperCase UserBoxUnauthenticated-register coral coral-viewerBox-registerButton"
            data-variant="filled"
            disabled={false}
            onBlur={[Function]}
            onClick={[Function]}
            onFocus={[Function]}
            onMouseOut={[Function]}
            onMouseOver={[Function]}
            onTouchEnd={[Function]}
            type="button"
          >
            Register
          </button>
          <button
            className="BaseButton-root Button-base Button-outlined Button-fontSizeExtraSmall Button-textAlignCenter Button-fontFamilyPrimary Button-fontWeightPrimaryBold Button-paddingSizeExtraSmall Button-colorPrimary Button-upperCase coral coral-viewerBox-signInButton"
            data-variant="outlined"
            disabled={false}
            onBlur={[Function]}
            onClick={[Function]}
            onFocus={[Function]}
            onMouseOut={[Function]}
            onMouseOver={[Function]}
            onTouchEnd={[Function]}
            type="button"
          >
            Sign in
          </button>
        </div>
      </section>
      <div
        className="StreamContainer-rightStreamHeader"
      />
    </div>
    <section
      aria-label="Community Guidelines"
      className="CommunityGuidelines-root coral coral-guidelines"
    >
      <div
        className="Markdown-root coral coral-guidelines-content"
        dangerouslySetInnerHTML={
          Object {
            "__html": "<h2 id=\\"community-guidelines\\">Community Guidelines</h2>
",
          }
        }
      />
    </section>
    <section
      aria-label="Post a Comment"
    >
      <div
        className="coral coral-createComment"
        id="post-comment-form"
      >
        <div
          className="Box-root HorizontalGutter-root PostCommentFormFake-root HorizontalGutter-full"
        >
          <div
            className="PostCommentFormFake-rteContainer"
          >
            <div
              role="none"
            >
              <div
                className="coral coral-rte"
                onBlur={[Function]}
                onFocus={[Function]}
              >
                <div
                  className="RTE.module-contentEditableContainer RTE-container coral coral-rte-container"
                >
                  <div
                    aria-placeholder="Post a comment"
                    className="RTE.module-contentEditable coral coral-rte-content RTE-content"
                  />
                  <div
                    aria-hidden="true"
                    className="RTE.module-placeholder coral coral-rte-placeholder RTE-placeholder"
                  >
                    Post a comment
                  </div>
                </div>
                <div
                  className="coral coral-rte-toolbar RTE-toolbar RTE.module-toolbarBottom Toolbar.module-toolbar"
                >
                  <button
                    aria-pressed={false}
                    className="BaseButton-root RTEButton-button"
                    disabled={false}
                    onBlur={[Function]}
                    onClick={[Function]}
                    onFocus={[Function]}
                    onMouseOut={[Function]}
                    onMouseOver={[Function]}
                    onTouchEnd={[Function]}
                    title="Bold"
                    type="button"
                  >
                    <i
                      aria-hidden="true"
                      className="Icon-root Icon-md"
                    >
                      format_bold
                    </i>
                  </button>
                  <button
                    aria-pressed={false}
                    className="BaseButton-root RTEButton-button"
                    disabled={false}
                    onBlur={[Function]}
                    onClick={[Function]}
                    onFocus={[Function]}
                    onMouseOut={[Function]}
                    onMouseOver={[Function]}
                    onTouchEnd={[Function]}
                    title="Italic"
                    type="button"
                  >
                    <i
                      aria-hidden="true"
                      className="Icon-root Icon-md"
                    >
                      format_italic
                    </i>
                  </button>
                  <button
                    aria-pressed={false}
                    className="BaseButton-root RTEButton-button"
                    disabled={false}
                    onBlur={[Function]}
                    onClick={[Function]}
                    onFocus={[Function]}
                    onMouseOut={[Function]}
                    onMouseOver={[Function]}
                    onTouchEnd={[Function]}
                    title="Blockquote"
                    type="button"
                  >
                    <i
                      aria-hidden="true"
                      className="Icon-root Icon-md"
                    >
                      format_quote
                    </i>
                  </button>
                  <button
                    aria-pressed={false}
                    className="BaseButton-root RTEButton-button"
                    disabled={false}
                    onBlur={[Function]}
                    onClick={[Function]}
                    onFocus={[Function]}
                    onMouseOut={[Function]}
                    onMouseOver={[Function]}
                    onTouchEnd={[Function]}
                    title="Bulleted List"
                    type="button"
                  >
                    <i
                      aria-hidden="true"
                      className="Icon-root Icon-md"
                    >
                      format_list_bulleted
                    </i>
                  </button>
                </div>
              </div>
            </div>
          </div>
          <button
            className="BaseButton-root Button-base Button-filled Button-fontSizeSmall Button-textAlignCenter Button-fontFamilyPrimary Button-fontWeightPrimaryBold Button-paddingSizeSmall Button-colorPrimary Button-fullWidth coral coral-createComment-signIn"
            data-variant="filled"
            disabled={false}
            onBlur={[Function]}
            onClick={[Function]}
            onFocus={[Function]}
            onMouseOut={[Function]}
            onMouseOver={[Function]}
            onTouchEnd={[Function]}
            type="submit"
          >
            Sign in and Join the Conversation
          </button>
        </div>
      </div>
    </section>
    <div
      className="Box-root HorizontalGutter-root StreamContainer-tabBarContainer HorizontalGutter-spacing-4"
    >
      <nav
        aria-label="Secondary Tablist"
        className="Box-root Flex-root StreamContainer-tabBarRow Flex-flex Flex-justifySpaceBetween Flex-alignFlexEnd Flex-directionRow"
      >
        <ul
          className="TabBar-root TabBar-streamSecondary coral coral-tabBarSecondary coral-tabBarComments StreamContainer-tabBarRoot"
          role="tablist"
        >
          <li
            className="Tab-root"
            id="tab-ALL_COMMENTS"
            role="presentation"
          >
            <button
              aria-controls="tabPane-ALL_COMMENTS"
              aria-selected={true}
              className="BaseButton-root Tab-button Tab-streamSecondary Tab-active coral-tabBarSecondary-tab-active coral coral-tabBarSecondary-tab coral-tabBarComments-allComments"
              onBlur={[Function]}
              onClick={[Function]}
              onFocus={[Function]}
              onMouseOut={[Function]}
              onMouseOver={[Function]}
              onTouchEnd={[Function]}
              role="tab"
              type="button"
            >
              <div
                className="AriaInfo-root"
              >
                <span>
                  Tab:
                </span>
              </div>
              <div
                className="Box-root Flex-root Flex-flex Flex-alignCenter gutter Flex-spacing-1"
              >
                <span>
                  All Comments
                </span>
                <div
                  className="AriaInfo-root"
                >
                  (
                </div>
                <span
                  className="Counter-root Counter-colorInherit Counter-sizeSmall coral coral-counter"
                >
                  <span
                    className="Counter-text"
                  >
                    2
                  </span>
                </span>
                <div
                  className="AriaInfo-root"
                >
                  )
                </div>
              </div>
            </button>
          </li>
        </ul>
        <div
          className="Box-root Flex-root StreamContainer-sortMenu coral coral-sortMenu Flex-flex Flex-itemGutter Flex-justifyFlexEnd Flex-alignCenter gutter"
        >
          <label
            className="SortMenu-label"
            htmlFor="coral-comments-sortMenu"
          >
            Sort by
          </label>
          <span
            className="SelectField-root coral coral-sortMenu"
          >
            <select
              className="SelectField-select SortMenu-select SelectField-selectFont SortMenu-selectFont SelectField-selectColor SortMenu-selectColor coral-selectField"
              id="coral-comments-sortMenu"
              onBlur={[Function]}
              onChange={[Function]}
              onClick={[Function]}
              onFocus={[Function]}
              value="CREATED_AT_DESC"
            >
              <option
                value="CREATED_AT_DESC"
              >
                Newest
              </option>
              <option
                value="CREATED_AT_ASC"
              >
                Oldest
              </option>
              <option
                value="REPLIES_DESC"
              >
                Most replies
              </option>
              <option
                value="REACTION_DESC"
              >
                Most Respected
              </option>
            </select>
            <span
              aria-hidden={true}
              className="SelectField-afterWrapper"
            >
              <i
                aria-hidden="true"
                className="Icon-root Icon-sm"
              >
                expand_more
              </i>
            </span>
          </span>
        </div>
      </nav>
      <section
        aria-labelledby="tab-ALL_COMMENTS"
        className="coral coral-allComments"
        id="tabPane-ALL_COMMENTS"
      >
        <div
          className="CallOut-root CallOut-error CallOut-leftBorder"
        >
          <div
            className="CallOut-container"
          >
            <div
              className="CallOut-content"
            >
              <div
                className="CallOut-title CallOut-titleMargin CallOut-titleBold"
              >
                <span>
                  An error has occurred
                </span>
              </div>
              <div
                className="CallOut-body"
              >
                
                <div
                  className="QueryError-heading"
                >
                  Message
                </div>
                <div
                  aria-live="polite"
                  className="QueryError-section"
                >
                  Cannot return null for non-nullable field BadgeConfiguration.memberLabel.

GraphQL request:1012:5
1011 |     moderatorLabel
1012 |     memberLabel
     |     ^
1013 |   }
                </div>
              </div>
            </div>
          </div>
        </div>
      </section>
    </div>
  </div>
</section>
`;
