// Jest Snapshot v1, https://goo.gl/fbAQLP

exports[`renders comment stream 1`] = `
<div
  className="Flex-root App-root Flex-flex Flex-justifyCenter"
>
  <div>
    Variable "$signedIn" got invalid value null; Expected non-nullable type Boolean! not to be null.

GraphQL request (3:3)
2:   $assetID: ID!
3:   $signedIn: Boolean!
     ^
4: ) {

  </div>
</div>
`;
