// Jest Snapshot v1, https://goo.gl/fbAQLP

exports[`tab bar renders tab bar (empty queues) 1`] = `
<div
  className="SubBar-root Moderate-subBar"
  data-testid="moderate-tabBar-container"
>
  <div
    className="Box-root Flex-root SubBar-container Flex-flex Flex-justifyCenter Flex-alignCenter"
  >
    <nav
      className="Navigation-root"
    >
      <ul
        className="Navigation-ul"
      >
        <li
          className="NavigationItem-root"
        >
          <a
            className="NavigationItem-anchor NavigationItem-active"
            href="/admin/moderate/reported"
            onClick={[Function]}
          >
            <i
              aria-hidden="true"
              className="Icon-root Icon-sm coral coral-icon"
            >
              flag
            </i>
            <span>
              reported
            </span>
            <span
              className="Counter-root Counter-colorInherit"
              data-testid="moderate-navigation-reported-count"
            >
              <span
                className="Counter-text"
              >
                0
              </span>
            </span>
          </a>
        </li>
        <li
          className="NavigationItem-root"
        >
          <a
            className="NavigationItem-anchor"
            href="/admin/moderate/pending"
            onClick={[Function]}
          >
            <i
              aria-hidden="true"
              className="Icon-root Icon-sm coral coral-icon"
            >
              access_time
            </i>
            <span>
              Pending
            </span>
            <span
              className="Counter-root Counter-colorInherit"
              data-testid="moderate-navigation-pending-count"
            >
              <span
                className="Counter-text"
              >
                0
              </span>
            </span>
          </a>
        </li>
        <li
          className="NavigationItem-root"
        >
          <a
            className="NavigationItem-anchor"
            href="/admin/moderate/unmoderated"
            onClick={[Function]}
          >
            <i
              aria-hidden="true"
              className="Icon-root Icon-sm coral coral-icon"
            >
              forum
            </i>
            <span>
              unmoderated
            </span>
            <span
              className="Counter-root Counter-colorInherit"
              data-testid="moderate-navigation-unmoderated-count"
            >
              <span
                className="Counter-text"
              >
                0
              </span>
            </span>
          </a>
        </li>
        <li
          className="NavigationItem-root"
        >
          <a
            className="NavigationItem-anchor"
            href="/admin/moderate/approved"
            onClick={[Function]}
          >
            <i
              aria-hidden="true"
              className="Icon-root Icon-sm coral coral-icon"
            >
              check_circle
            </i>
            <span>
              approved
            </span>
          </a>
        </li>
        <li
          className="NavigationItem-root"
        >
          <a
            className="NavigationItem-anchor"
            href="/admin/moderate/rejected"
            onClick={[Function]}
          >
            <i
              aria-hidden="true"
              className="Icon-root Icon-sm coral coral-icon"
            >
              cancel
            </i>
            <span>
              rejected
            </span>
          </a>
        </li>
      </ul>
    </nav>
    <div
      className="QueueSort-root"
    >
      <span
        className="SelectField-root"
      >
        <select
          className="SelectField-select SelectField-selectFont SelectField-selectColor coral-selectField"
          onBlur={[Function]}
          onChange={[Function]}
          onFocus={[Function]}
          value="CREATED_AT_DESC"
        >
          <option
            value="CREATED_AT_DESC"
          >
            Newest
          </option>
          <option
            value="CREATED_AT_ASC"
          >
            Oldest
          </option>
        </select>
        <span
          aria-hidden={true}
          className="SelectField-afterWrapper"
        >
          <i
            aria-hidden="true"
            className="Icon-root Icon-sm coral coral-icon"
          >
            expand_more
          </i>
        </span>
      </span>
    </div>
  </div>
</div>
`;
