// Jest Snapshot v1, https://goo.gl/fbAQLP

exports[`renders correctly 1`] = `
<div
  className="ConfigBox-root"
>
  <ForwardRef(forwardRef)
    className="ConfigBox-title"
    justifyContent="space-between"
  >
    <div>
      <span>
        title
      </span>
    </div>
    <div>
      <span>
        topRight
      </span>
    </div>
  </ForwardRef(forwardRef)>
  <div
    className="ConfigBox-content"
  >
    child
  </div>
</div>
`;
