// Jest Snapshot v1, https://goo.gl/fbAQLP

exports[`renders correctly 1`] = `
<MainLayout
  data-testid="configure-container"
>
  <ReactFinalForm
    mutators={
      Object {
        "insert": [Function],
        "move": [Function],
        "pop": [Function],
        "push": [Function],
        "remove": [Function],
        "shift": [Function],
        "swap": [Function],
        "unshift": [Function],
        "update": [Function],
      }
    }
    onSubmit={[Function]}
  >
    [Function]
  </ReactFinalForm>
</MainLayout>
`;
