// Jest Snapshot v1, https://goo.gl/fbAQLP

exports[`renders form 1`] = `
<div
  data-testid="main-layout"
>
  <div
    className="MainLayout-bar"
  />
  <div
    className="MainLayout-centered"
  >
    <main
      className="UnsubscribeRoute-container"
    >
      <div
        className="UnsubscribeRoute-root"
      >
        <div
          data-testid="unsubscribe-form"
        >
          <form
            onSubmit={[Function]}
          >
            <div>
              <div
                className="Unsubscribe-title"
              >
                Unsubscribe from email notifications
              </div>
              <div
                className="Unsubscribe-description"
              >
                Click below to confirm that you want to unsubscribe from all notifications.
              </div>
              <button
                className="BaseButton-root Button-base Button-filled Button-fontSizeSmall Button-textAlignCenter Button-fontFamilyPrimary Button-fontWeightPrimaryBold Button-paddingSizeMedium Button-colorPrimary Button-upperCase Button-fullWidth Unsubscribe-submit"
                disabled={false}
                onBlur={[Function]}
                onFocus={[Function]}
                onMouseOut={[Function]}
                onMouseOver={[Function]}
                onTouchEnd={[Function]}
                type="submit"
              >
                Unsubscribe
              </button>
            </div>
          </form>
        </div>
      </div>
    </main>
  </div>
</div>
`;

exports[`renders missing confirm token 1`] = `
<div
  data-testid="main-layout"
>
  <div
    className="MainLayout-bar"
  />
  <div
    className="MainLayout-centered"
  >
    <main
      className="UnsubscribeRoute-container"
    >
      <div
        className="UnsubscribeRoute-root"
      >
        <div>
          <div
            className="Unsubscribe-title"
          >
            Oops Sorry!
          </div>
          <div
            className="CallOut-root CallOut-negative CallOut-leftBorder"
          >
            <div
              className="Box-root Flex-root Flex-flex Flex-justifyFlexStart Flex-alignFlexStart"
            >
              <div
                className="CallOut-content"
              >
                <div
                  className="CallOut-title CallOut-titleSemiBold"
                >
                  <span
                    data-testid="invalid-link"
                  >
                    The specified link is invalid, check to see if it was copied correctly.
                  </span>
                </div>
                <div
                  className="CallOut-body"
                />
              </div>
            </div>
          </div>
        </div>
      </div>
    </main>
  </div>
</div>
`;
