// Jest Snapshot v1, https://goo.gl/fbAQLP

exports[`renders correctly 1`] = `
<ul
  className="UnorderedList-root"
>
  <ListItem
    icon={
      <span>
        -
      </span>
    }
  >
    1
  </ListItem>
  <ListItem
    icon={
      <ForwardRef(forwardRef)>
        keyboard_arrow_right
      </ForwardRef(forwardRef)>
    }
  >
    2
  </ListItem>
</ul>
`;
