// Jest Snapshot v1, https://goo.gl/fbAQLP

exports[`init local state 1`] = `
"{
  \\"client:root\\": {
    \\"__id\\": \\"client:root\\",
    \\"__typename\\": \\"__Root\\",
    \\"local\\": {
      \\"__ref\\": \\"client:root.local\\"
    }
  },
  \\"client:root.local\\": {
    \\"__id\\": \\"client:root.local\\",
    \\"__typename\\": \\"Local\\",
    \\"accessToken\\": null,
    \\"accessTokenExp\\": null,
    \\"accessTokenJTI\\": null,
    \\"commentsOrderBy\\": \\"CREATED_AT_DESC\\",
    \\"authPopup\\": {
      \\"__ref\\": \\"client:root.local.authPopup\\"
    },
    \\"activeTab\\": \\"COMMENTS\\",
    \\"profileTab\\": \\"MY_COMMENTS\\",
    \\"commentsTab\\": \\"NONE\\",
    \\"flattenReplies\\": false,
    \\"enableCommentSeen\\": false,
    \\"amp\\": false
  },
  \\"client:root.local.authPopup\\": {
    \\"__id\\": \\"client:root.local.authPopup\\",
    \\"__typename\\": \\"AuthPopup\\",
    \\"open\\": false,
    \\"focus\\": false,
    \\"href\\": \\"\\"
  }
}"
`;
