// Jest Snapshot v1, https://goo.gl/fbAQLP

exports[`renders configure advanced 1`] = `
<div
  className="MainLayout-root"
  data-testid="configure-container"
>
  <form
    autoComplete="off"
    id="configure-form"
    onSubmit={[Function]}
  >
    <div
      className="Box-root Flex-root Layout-root Flex-flex"
    >
      <div
        className="SideBar-root"
      >
        <div
          className="Box-root HorizontalGutter-root HorizontalGutter-double"
        >
          <nav
            className="Navigation-root"
          >
            <ul
              className="Navigation-ul"
            >
              <li>
                <a
                  className="Link-link"
                  href="/admin/configure/general"
                  onClick={[Function]}
                >
                  General
                </a>
              </li>
              <li>
                <a
                  className="Link-link"
                  href="/admin/configure/organization"
                  onClick={[Function]}
                >
                  Organization
                </a>
              </li>
              <li>
                <a
                  className="Link-link"
                  href="/admin/configure/moderation"
                  onClick={[Function]}
                >
                  Moderation
                </a>
              </li>
              <li>
                <button
                  className="BaseButton-root SubLink-subLink"
                  onBlur={[Function]}
                  onClick={[Function]}
                  onFocus={[Function]}
                  onMouseOut={[Function]}
                  onMouseOver={[Function]}
                  onTouchEnd={[Function]}
                  type="button"
                >
                  Comments
                </button>
              </li>
              <li>
                <button
                  className="BaseButton-root SubLink-subLink"
                  onBlur={[Function]}
                  onClick={[Function]}
                  onFocus={[Function]}
                  onMouseOut={[Function]}
                  onMouseOver={[Function]}
                  onTouchEnd={[Function]}
                  type="button"
                >
                  Users
                </button>
              </li>
              <li>
                <a
                  className="Link-link"
                  href="/admin/configure/moderation/phases"
                  onClick={[Function]}
                >
                  Moderation Phases
                </a>
              </li>
              <li>
                <a
                  className="Link-link"
                  href="/admin/configure/wordList"
                  onClick={[Function]}
                >
                  Banned and Suspect Words
                </a>
              </li>
              <li>
                <a
                  className="Link-link"
                  href="/admin/configure/auth"
                  onClick={[Function]}
                >
                  Authentication
                </a>
              </li>
              <li>
                <a
                  className="Link-link"
                  href="/admin/configure/email"
                  onClick={[Function]}
                >
                  Email
                </a>
              </li>
              <li>
                <a
                  className="Link-link"
                  href="/admin/configure/slack"
                  onClick={[Function]}
                >
                  Slack
                </a>
              </li>
              <li>
                <a
                  className="Link-link"
                  href="/admin/configure/webhooks"
                  onClick={[Function]}
                >
                  Webhooks
                </a>
              </li>
              <li>
                <a
                  className="Link-link Link-linkActive"
                  href="/admin/configure/advanced"
                  onClick={[Function]}
                >
                  Advanced
                </a>
              </li>
            </ul>
          </nav>
        </div>
        <div
          className="Box-root HorizontalGutter-root HorizontalGutter-double"
        >
          <button
            className="BaseButton-root Button-root Button-sizeLarge Button-colorAlt Button-variantRegular Button-uppercase Button-disabled"
            data-testid="configure-sideBar-saveChanges"
            data-variant="regular"
            disabled={true}
            onBlur={[Function]}
            onFocus={[Function]}
            onMouseOut={[Function]}
            onMouseOver={[Function]}
            onTouchEnd={[Function]}
            type="submit"
          >
            Save Changes
          </button>
        </div>
      </div>
      <div
        className="Main-root"
      >
        <div
          className="Box-root HorizontalGutter-root HorizontalGutter-double"
          data-testid="configure-advancedContainer"
        >
          <div
            className="Box-root ConfigBox-root"
          >
            <div
              className="Box-root Flex-root ConfigBox-title Flex-flex Flex-justifySpaceBetween"
            >
              <div>
                <label
                  className="Header-root"
                  htmlFor="configure-advanced-customCSSURL"
                >
                  Custom CSS
                </label>
              </div>
              <div />
            </div>
            <div
              className="ConfigBox-content"
            >
              <div
                className="Box-root HorizontalGutter-root HorizontalGutter-spacing-4"
              >
                <div
                  className="Box-root HorizontalGutter-root FormField-root HorizontalGutter-spacing-2"
                >
                  <div
                    className="Box-root HorizontalGutter-root FormFieldHeader-root HorizontalGutter-spacing-1"
                  >
                    <label
                      className="Label-root"
                    >
                      Custom CSS Stylesheet URL
                    </label>
                    <p
                      className="HelperText-root"
                    >
                      URL of a CSS stylesheet that will override default Embed Stream styles.
                    </p>
                  </div>
                  <div
                    className="Box-root HorizontalGutter-root HorizontalGutter-spacing-2"
                  >
                    <div
                      className="TextField-root TextField-fullWidth"
                    >
                      <input
                        autoCapitalize="off"
                        autoComplete="off"
                        autoCorrect="off"
                        className="TextField-input TextField-colorRegular"
                        disabled={false}
                        id="configure-advanced-customCSSURL"
                        name="customCSSURL"
                        onBlur={[Function]}
                        onChange={[Function]}
                        onFocus={[Function]}
                        placeholder=""
                        spellCheck={false}
                        type="text"
                        value=""
                      />
                    </div>
                  </div>
                </div>
                <div
                  className="Box-root HorizontalGutter-root FormField-root HorizontalGutter-spacing-2"
                >
                  <div
                    className="Box-root HorizontalGutter-root FormFieldHeader-root HorizontalGutter-spacing-1"
                  >
                    <label
                      className="Label-root"
                    >
                      Custom CSS Stylesheet URL for Font Faces
                    </label>
                    <p
                      className="HelperText-root"
                    >
                      URL to a custom CSS stylesheet that contains all @font-face
definitions needed by above stylesheet.
                    </p>
                  </div>
                  <div
                    className="Box-root HorizontalGutter-root HorizontalGutter-spacing-2"
                  >
                    <div
                      className="TextField-root TextField-fullWidth"
                    >
                      <input
                        autoCapitalize="off"
                        autoComplete="off"
                        autoCorrect="off"
                        className="TextField-input TextField-colorRegular"
                        disabled={false}
                        id="configure-advanced-customFontsCSSURL"
                        name="customFontsCSSURL"
                        onBlur={[Function]}
                        onChange={[Function]}
                        onFocus={[Function]}
                        placeholder=""
                        spellCheck={false}
                        type="text"
                        value=""
                      />
                    </div>
                  </div>
                </div>
              </div>
            </div>
          </div>
          <div
            className="Box-root ConfigBox-root"
          >
            <div
              className="Box-root Flex-root ConfigBox-title Flex-flex Flex-justifySpaceBetween"
            >
              <div>
                <label
                  className="Header-root"
                  htmlFor="configure-advanced-liveUpdates"
                >
                  Comment stream live updates
                </label>
              </div>
              <div />
            </div>
            <div
              className="ConfigBox-content"
            >
              <div
                className="Box-root HorizontalGutter-root HorizontalGutter-spacing-4"
              >
                <div
                  className="Box-root HorizontalGutter-root FormField-root HorizontalGutter-spacing-2"
                >
                  <p
                    className="FormFieldDescription-root"
                  >
                    When enabled, there will be real-time loading and updating of comments.
When disabled, users will have to refresh the page to see new comments.
                  </p>
                  <div>
                    <div
                      className="Box-root Flex-root RadioButton-root Flex-flex Flex-alignCenter"
                    >
                      <input
                        checked={true}
                        className="RadioButton-input"
                        disabled={false}
                        id="live.enabled-true"
                        name="live.enabled"
                        onBlur={[Function]}
                        onChange={[Function]}
                        onFocus={[Function]}
                        type="radio"
                        value="true"
                      />
                      <label
                        className="RadioButton-label RadioButton-labelChecked"
                        htmlFor="live.enabled-true"
                      >
                        <span>
                          On
                        </span>
                      </label>
                    </div>
                    <div
                      className="Box-root Flex-root RadioButton-root Flex-flex Flex-alignCenter"
                    >
                      <input
                        checked={false}
                        className="RadioButton-input"
                        disabled={false}
                        id="live.enabled-false"
                        name="live.enabled"
                        onBlur={[Function]}
                        onChange={[Function]}
                        onFocus={[Function]}
                        type="radio"
                        value="false"
                      />
                      <label
                        className="RadioButton-label"
                        htmlFor="live.enabled-false"
                      >
                        <span>
                          Off
                        </span>
                      </label>
                    </div>
                  </div>
                </div>
              </div>
            </div>
          </div>
          <div
            className="Box-root ConfigBox-root"
          >
            <div
              className="Box-root Flex-root ConfigBox-title Flex-flex Flex-justifySpaceBetween"
            >
              <div>
                <h2
                  className="Header-root"
                >
                  Story creation
                </h2>
              </div>
              <div />
            </div>
            <div
              className="ConfigBox-content"
            >
              <div
                className="Box-root HorizontalGutter-root HorizontalGutter-spacing-4"
              >
                <p
                  className="FormFieldDescription-root"
                >
                  Advanced settings for how stories are created within Coral.
                </p>
                <div
                  className="Box-root HorizontalGutter-root FormField-root HorizontalGutter-spacing-2"
                >
                  <div
                    className="Box-root HorizontalGutter-root FormFieldHeader-root HorizontalGutter-spacing-1"
                  >
                    <label
                      className="Label-root"
                    >
                      Lazy story creation
                    </label>
                    <p
                      className="HelperText-root"
                    >
                      Enable stories to be automatically created when they are published from your CMS.
                    </p>
                  </div>
                  <div>
                    <div
                      className="Box-root Flex-root RadioButton-root Flex-flex Flex-alignCenter"
                    >
                      <input
                        checked={true}
                        className="RadioButton-input"
                        disabled={false}
                        id="stories.disableLazy-true"
                        name="stories.disableLazy"
                        onBlur={[Function]}
                        onChange={[Function]}
                        onFocus={[Function]}
                        type="radio"
                        value="false"
                      />
                      <label
                        className="RadioButton-label RadioButton-labelChecked"
                        htmlFor="stories.disableLazy-true"
                      >
                        <span>
                          On
                        </span>
                      </label>
                    </div>
                    <div
                      className="Box-root Flex-root RadioButton-root Flex-flex Flex-alignCenter"
                    >
                      <input
                        checked={false}
                        className="RadioButton-input"
                        disabled={false}
                        id="stories.disableLazy-false"
                        name="stories.disableLazy"
                        onBlur={[Function]}
                        onChange={[Function]}
                        onFocus={[Function]}
                        type="radio"
                        value="true"
                      />
                      <label
                        className="RadioButton-label"
                        htmlFor="stories.disableLazy-false"
                      >
                        <span>
                          Off
                        </span>
                      </label>
                    </div>
                  </div>
                </div>
                <div
                  className="Box-root HorizontalGutter-root FormField-root HorizontalGutter-spacing-2"
                >
                  <div
                    className="Box-root HorizontalGutter-root FormFieldHeader-root HorizontalGutter-spacing-1"
                  >
                    <label
                      className="Label-root"
                    >
                      Story scraping
                    </label>
                    <p
                      className="HelperText-root"
                    >
                      Enable story metadata to be automatically scraped when they are published from your CMS.
                    </p>
                  </div>
                  <div>
                    <div
                      className="Box-root Flex-root RadioButton-root Flex-flex Flex-alignCenter"
                    >
                      <input
                        checked={true}
                        className="RadioButton-input"
                        disabled={false}
                        id="stories.scraping.enabled-true"
                        name="stories.scraping.enabled"
                        onBlur={[Function]}
                        onChange={[Function]}
                        onFocus={[Function]}
                        type="radio"
                        value="true"
                      />
                      <label
                        className="RadioButton-label RadioButton-labelChecked"
                        htmlFor="stories.scraping.enabled-true"
                      >
                        <span>
                          On
                        </span>
                      </label>
                    </div>
                    <div
                      className="Box-root Flex-root RadioButton-root Flex-flex Flex-alignCenter"
                    >
                      <input
                        checked={false}
                        className="RadioButton-input"
                        disabled={false}
                        id="stories.scraping.enabled-false"
                        name="stories.scraping.enabled"
                        onBlur={[Function]}
                        onChange={[Function]}
                        onFocus={[Function]}
                        type="radio"
                        value="false"
                      />
                      <label
                        className="RadioButton-label"
                        htmlFor="stories.scraping.enabled-false"
                      >
                        <span>
                          Off
                        </span>
                      </label>
                    </div>
                  </div>
                </div>
                <div
                  className="Box-root HorizontalGutter-root FormField-root HorizontalGutter-spacing-2"
                >
                  <div
                    className="Box-root HorizontalGutter-root FormFieldHeader-root HorizontalGutter-spacing-1"
                  >
                    <label
                      className="Label-root"
                      htmlFor="configure-advanced-stories-proxy-url"
                    >
                      Scraper proxy url
                    </label>
                    <p
                      className="HelperText-root"
                    >
                      When specified, allows scraping requests to use the provided
proxy. All requests will then be passed through the appropriote
proxy as parsed by the 
                      <a
                        className="ExternalLink-root"
                        href="https://www.npmjs.com/package/proxy-agent"
                        rel="noopener noreferrer"
                        target="_blank"
                      >
                        npm proxy-agent
                      </a>
                       package.
                    </p>
                  </div>
                  <div
                    className="Box-root HorizontalGutter-root HorizontalGutter-spacing-2"
                  >
                    <div
                      className="TextField-root TextField-fullWidth"
                    >
                      <input
                        autoCapitalize="off"
                        autoComplete="off"
                        autoCorrect="off"
                        className="TextField-input TextField-colorRegular"
                        disabled={false}
                        id="configure-advanced-stories-proxy-url"
                        name="stories.scraping.proxyURL"
                        onBlur={[Function]}
                        onChange={[Function]}
                        onFocus={[Function]}
                        placeholder=""
                        spellCheck={false}
                        type="text"
                        value=""
                      />
                    </div>
                  </div>
                </div>
                <div
                  className="Box-root HorizontalGutter-root FormField-root HorizontalGutter-spacing-2"
                >
                  <div
                    className="Box-root HorizontalGutter-root FormFieldHeader-root HorizontalGutter-spacing-1"
                  >
                    <label
                      className="Label-root"
                      htmlFor="configure-advanced-stories-custom-user-agent"
                    >
                      Custom Scraper User Agent Header
                    </label>
                    <p
                      className="HelperText-root"
                    >
                      When specified, overrides the 
                      <code>
                        User-Agent
                      </code>
                       header sent with each
scrape request.
                    </p>
                  </div>
                  <div
                    className="Box-root HorizontalGutter-root HorizontalGutter-spacing-2"
                  >
                    <div
                      className="TextField-root TextField-fullWidth"
                    >
                      <input
                        autoCapitalize="off"
                        autoComplete="off"
                        autoCorrect="off"
                        className="TextField-input TextField-colorRegular"
                        disabled={false}
                        id="configure-advanced-stories-custom-user-agent"
                        name="stories.scraping.customUserAgent"
                        onBlur={[Function]}
                        onChange={[Function]}
                        onFocus={[Function]}
                        placeholder=""
                        spellCheck={false}
                        type="text"
                        value=""
                      />
                    </div>
                  </div>
                </div>
                <div
                  className="Box-root HorizontalGutter-root FormField-root HorizontalGutter-spacing-2"
                >
                  <label
                    className="Label-root"
                  >
                    Authentication
                  </label>
                  <div>
                    <div
                      className="Box-root Flex-root RadioButton-root Flex-flex Flex-alignCenter"
                    >
                      <input
                        checked={false}
                        className="RadioButton-input"
                        disabled={false}
                        id="stories.scraping.authentication-true"
                        name="stories.scraping.authentication"
                        onBlur={[Function]}
                        onChange={[Function]}
                        onFocus={[Function]}
                        type="radio"
                        value="true"
                      />
                      <label
                        className="RadioButton-label"
                        htmlFor="stories.scraping.authentication-true"
                      >
                        <span>
                          On
                        </span>
                      </label>
                    </div>
                    <div
                      className="Box-root Flex-root RadioButton-root Flex-flex Flex-alignCenter"
                    >
                      <input
                        checked={true}
                        className="RadioButton-input"
                        disabled={false}
                        id="stories.scraping.authentication-false"
                        name="stories.scraping.authentication"
                        onBlur={[Function]}
                        onChange={[Function]}
                        onFocus={[Function]}
                        type="radio"
                        value="false"
                      />
                      <label
                        className="RadioButton-label RadioButton-labelChecked"
                        htmlFor="stories.scraping.authentication-false"
                      >
                        <span>
                          Off
                        </span>
                      </label>
                    </div>
                  </div>
                </div>
                <h3
                  className="Subheader-root"
                >
                  Scraping credentials
                </h3>
                <div
                  className="Box-root HorizontalGutter-root FormField-root HorizontalGutter-spacing-2"
                >
                  <label
                    className="Label-root"
                  >
                    Username
                  </label>
                  <div
                    className="Box-root HorizontalGutter-root HorizontalGutter-spacing-2"
                  >
                    <div
                      className="TextField-root TextField-fullWidth"
                    >
                      <input
                        className="TextField-input TextField-colorRegular"
                        disabled={true}
                        id="stories.scraping.username"
                        name="stories.scraping.username"
                        onBlur={[Function]}
                        onChange={[Function]}
                        onFocus={[Function]}
                        placeholder=""
                        type="text"
                        value=""
                      />
                    </div>
                  </div>
                </div>
                <div
                  className="Box-root HorizontalGutter-root FormField-root HorizontalGutter-spacing-2"
                >
                  <label
                    className="Label-root"
                  >
                    Password
                  </label>
                  <div
                    className="PasswordField-fullWidth PasswordField-root"
                  >
                    <div
                      className="PasswordField-wrapper"
                    >
                      <input
                        className="PasswordField-colorRegular PasswordField-fullWidth PasswordField-input"
                        data-testid="password-field"
                        disabled={true}
                        id="stories.scraping.password"
                        name="stories.scraping.password"
                        onBlur={[Function]}
                        onChange={[Function]}
                        onFocus={[Function]}
                        placeholder=""
                        type="password"
                        value=""
                      />
                      <div
                        className="PasswordField-icon"
                        onClick={[Function]}
                        onKeyUp={[Function]}
                        role="button"
                        tabIndex={0}
                        title="Hide password"
                      >
                        <i
                          aria-hidden="true"
                          className="Icon-root Icon-sm coral coral-icon"
                        >
                          visibility
                        </i>
                      </div>
                    </div>
                  </div>
                </div>
              </div>
            </div>
          </div>
          <div
            className="Box-root ConfigBox-root"
          >
            <div
              className="Box-root Flex-root ConfigBox-title Flex-flex Flex-justifySpaceBetween"
            >
              <div>
                <label
                  className="Header-root"
                  htmlFor="configure-advanced-amp"
                >
                  Accelerated Mobile Pages
                </label>
              </div>
              <div />
            </div>
            <div
              className="ConfigBox-content"
            >
              <div
                className="Box-root HorizontalGutter-root HorizontalGutter-spacing-4"
              >
                <div
                  className="Box-root HorizontalGutter-root FormField-root HorizontalGutter-spacing-2"
                >
                  <p
                    className="FormFieldDescription-root"
                  >
                    Enable support for 
                    <a
                      className="TextLink-root"
                      href="https://amp.dev/"
                      target="_blank"
                    >
                      AMP
                      <i
                        aria-hidden="true"
                        className="Icon-root Icon-xs coral coral-icon TextLink-icon"
                      >
                        open_in_new
                      </i>
                    </a>
                     on the comment stream.
Once enabled, you will need to add Coral’s AMP embed code to your page
template. See our 
                    <a
                      className="TextLink-root"
                      href="https://docs.coralproject.net/amp"
                      target="_blank"
                    >
                      documentation
                      <i
                        aria-hidden="true"
                        className="Icon-root Icon-xs coral coral-icon TextLink-icon"
                      >
                        open_in_new
                      </i>
                    </a>
                     for more
details. Enable Enable Support.
                  </p>
                  <div>
                    <div
                      className="Box-root Flex-root RadioButton-root Flex-flex Flex-alignCenter"
                    >
                      <input
                        checked={false}
                        className="RadioButton-input"
                        disabled={false}
                        id="amp-true"
                        name="amp"
                        onBlur={[Function]}
                        onChange={[Function]}
                        onFocus={[Function]}
                        type="radio"
                        value="true"
                      />
                      <label
                        className="RadioButton-label"
                        htmlFor="amp-true"
                      >
                        <span>
                          On
                        </span>
                      </label>
                    </div>
                    <div
                      className="Box-root Flex-root RadioButton-root Flex-flex Flex-alignCenter"
                    >
                      <input
                        checked={true}
                        className="RadioButton-input"
                        disabled={false}
                        id="amp-false"
                        name="amp"
                        onBlur={[Function]}
                        onChange={[Function]}
                        onFocus={[Function]}
                        type="radio"
                        value="false"
                      />
                      <label
                        className="RadioButton-label RadioButton-labelChecked"
                        htmlFor="amp-false"
                      >
                        <span>
                          Off
                        </span>
                      </label>
                    </div>
                  </div>
                </div>
              </div>
            </div>
          </div>
          <div
            className="Box-root ConfigBox-root"
            data-testid="for-review-queue-config-box"
          >
            <div
              className="Box-root Flex-root ConfigBox-title Flex-flex Flex-justifySpaceBetween"
            >
              <div>
                <label
                  className="Header-root"
                  htmlFor="configure-advanced-for-review-queue"
                >
                  Review all user reports
                </label>
              </div>
              <div />
            </div>
            <div
              className="ConfigBox-content"
            >
              <div
                className="Box-root HorizontalGutter-root HorizontalGutter-spacing-4"
              >
                <div
                  className="Box-root HorizontalGutter-root FormField-root HorizontalGutter-spacing-2"
                >
                  <p
                    className="FormFieldDescription-root"
                  >
                    Once a comment is approved, it won't appear again in the reported queue
even if additional users report it. This feature adds a "For review" queue,
allowing moderators to see all user reports in the system, and manually
mark them as "Reviewed".
                  </p>
                  <legend
                    className="Label-root"
                  >
                    Show "For review" queue
                  </legend>
                  <div>
                    <div
                      className="Box-root Flex-root RadioButton-root Flex-flex Flex-alignCenter"
                    >
                      <input
                        checked={false}
                        className="RadioButton-input"
                        disabled={false}
                        id="forReviewQueue-true"
                        name="forReviewQueue"
                        onBlur={[Function]}
                        onChange={[Function]}
                        onFocus={[Function]}
                        type="radio"
                        value="true"
                      />
                      <label
                        className="RadioButton-label"
                        htmlFor="forReviewQueue-true"
                      >
                        <span>
                          On
                        </span>
                      </label>
                    </div>
                    <div
                      className="Box-root Flex-root RadioButton-root Flex-flex Flex-alignCenter"
                    >
                      <input
                        checked={true}
                        className="RadioButton-input"
                        disabled={false}
                        id="forReviewQueue-false"
                        name="forReviewQueue"
                        onBlur={[Function]}
                        onChange={[Function]}
                        onFocus={[Function]}
                        type="radio"
                        value="false"
                      />
                      <label
                        className="RadioButton-label RadioButton-labelChecked"
                        htmlFor="forReviewQueue-false"
                      >
                        <span>
                          Off
                        </span>
                      </label>
                    </div>
                  </div>
                </div>
              </div>
            </div>
          </div>
        </div>
      </div>
    </div>
  </form>
</div>
`;
