// Jest Snapshot v1, https://goo.gl/fbAQLP

exports[`renders the empty settings pane 1`] = `
<div
  className="Box-root HorizontalGutter-root App-root HorizontalGutter-full"
>
  <ul
    className="TabBar-root TabBar-primary coral coral-tabBar"
    role="tablist"
  >
    <li
      className="Tab-root"
      id="tab-COMMENTS"
      role="presentation"
    >
      <button
        aria-controls="tabPane-COMMENTS"
        aria-selected={false}
        className="BaseButton-root Tab-button Tab-primary coral coral-tabBar-allComments"
        onBlur={[Function]}
        onClick={[Function]}
        onFocus={[Function]}
        onMouseOut={[Function]}
        onMouseOver={[Function]}
        onTouchEnd={[Function]}
        role="tab"
        type="button"
      >
        <span>
          Comments
        </span>
      </button>
    </li>
    <li
      className="Tab-root"
      id="tab-PROFILE"
      role="presentation"
    >
      <button
        aria-controls="tabPane-PROFILE"
        aria-selected={true}
        className="BaseButton-root Tab-button Tab-primary Tab-active coral coral-tabBar-myProfile"
        onBlur={[Function]}
        onClick={[Function]}
        onFocus={[Function]}
        onMouseOut={[Function]}
        onMouseOver={[Function]}
        onTouchEnd={[Function]}
        role="tab"
        type="button"
      >
        <span>
          My Profile
        </span>
      </button>
    </li>
  </ul>
  <section
    aria-labelledby="tab-PROFILE"
    className="App-tabContent"
    data-testid="current-tab-pane"
    id="tabPane-PROFILE"
    role="tabpanel"
  >
    <div
      className="Box-root HorizontalGutter-root HorizontalGutter-spacing-5"
    >
      <div
        className="Box-root HorizontalGutter-root HorizontalGutter-spacing-5"
        data-testid="profile-changeUsername"
      >
        <div
          className="Box-root Flex-root Flex-flex Flex-alignCenter"
        >
          <h1
            className="Box-root Typography-root Typography-header2 Typography-colorTextPrimary"
          >
            Passivo
          </h1>
          <button
            className="BaseButton-root Button-root Button-sizeSmall Button-colorPrimary Button-variantRegular"
            onBlur={[Function]}
            onClick={[Function]}
            onFocus={[Function]}
            onMouseOut={[Function]}
            onMouseOver={[Function]}
            onTouchEnd={[Function]}
            type="button"
          >
            Edit
          </button>
        </div>
      </div>
      <ul
        className="TabBar-root TabBar-secondary"
        role="tablist"
      >
        <li
          className="Tab-root"
          id="tab-MY_COMMENTS"
          role="presentation"
        >
          <button
            aria-controls="tabPane-MY_COMMENTS"
            aria-selected={false}
            className="BaseButton-root Tab-button Tab-secondary"
            onBlur={[Function]}
            onClick={[Function]}
            onFocus={[Function]}
            onMouseOut={[Function]}
            onMouseOver={[Function]}
            onTouchEnd={[Function]}
            role="tab"
            type="button"
          >
            <span>
              My Comments
            </span>
          </button>
        </li>
        <li
          className="Tab-root"
          id="tab-SETTINGS"
          role="presentation"
        >
          <button
            aria-controls="tabPane-SETTINGS"
            aria-selected={true}
            className="BaseButton-root Tab-button Tab-secondary Tab-active"
            onBlur={[Function]}
            onClick={[Function]}
            onFocus={[Function]}
            onMouseOut={[Function]}
            onMouseOver={[Function]}
            onTouchEnd={[Function]}
            role="tab"
            type="button"
          >
            <span>
              Settings
            </span>
          </button>
        </li>
      </ul>
      <section
        aria-labelledby="tab-SETTINGS"
        id="tabPane-SETTINGS"
        role="tabpanel"
      >
        <div
          className="Box-root HorizontalGutter-root SettingsContainer-root HorizontalGutter-spacing-5"
        >
          <div
            data-testid="profile-settings-ignoredCommenters"
          >
            <h1
              className="Box-root Typography-root Typography-heading3 Typography-colorTextPrimary"
            >
              Ignored Commenters
            </h1>
            <p
              className="IgnoreUserSettingsContainer-description"
            >
              Once you ignore someone, all of their comments are hidden from you.
Commenters you ignore will still be able to see your comments.
            </p>
            <div
              className="Box-root HorizontalGutter-root HorizontalGutter-spacing-1"
            >
              <div
                className="IgnoreUserSettingsContainer-empty"
              >
                You are not currently ignoring anyone
              </div>
            </div>
          </div>
          <div
            data-testid="profile-settings-changePassword"
          >
            <form
              autoComplete="off"
              onSubmit={[Function]}
            >
              <div
                className="Box-root HorizontalGutter-root HorizontalGutter-oneAndAHalf"
              >
                <h1
                  className="Box-root Typography-root Typography-heading3 Typography-colorTextPrimary"
                >
                  Change Password
                </h1>
                <fieldset
                  className="FieldSet-root Box-root HorizontalGutter-root HorizontalGutter-full"
                >
                  <fieldset
                    className="FieldSet-root Box-root HorizontalGutter-root FormField-root HorizontalGutter-half"
                  >
                    <label
                      className="Box-root Typography-root Typography-inputLabel Typography-colorTextPrimary InputLabel-root"
                      htmlFor="oldPassword"
                    >
                      Old Password
                    </label>
                    <div
                      className="PasswordField-fullWidth PasswordField-root"
                    >
                      <div
                        className="PasswordField-wrapper"
                      >
                        <input
                          autoCapitalize="off"
                          autoComplete="current-password"
                          autoCorrect="off"
                          className="PasswordField-colorRegular PasswordField-fullWidth PasswordField-input"
                          disabled={false}
                          id="oldPassword"
                          name="oldPassword"
                          onBlur={[Function]}
                          onChange={[Function]}
                          onFocus={[Function]}
                          placeholder=""
                          spellCheck={false}
                          type="password"
                          value=""
                        />
                        <div
                          className="PasswordField-icon"
                          onClick={[Function]}
                          role="button"
                          tabIndex={0}
                          title="Hide password"
                        >
                          <span
                            aria-hidden="true"
                            className="Icon-root Icon-sm"
                          >
                            visibility
                          </span>
                        </div>
                      </div>
                    </div>
                    <div
                      className="Box-root Flex-root Flex-flex Flex-justifyFlexEnd"
                    >
                      <p
                        className="Box-root Typography-root Typography-bodyCopy Typography-colorTextPrimary"
                      >
                        Forgot your password?
                      </p>
                    </div>
                  </fieldset>
                  <fieldset
                    className="FieldSet-root Box-root HorizontalGutter-root FormField-root HorizontalGutter-half"
                  >
                    <label
                      className="Box-root Typography-root Typography-inputLabel Typography-colorTextPrimary InputLabel-root"
                      htmlFor="newPassword"
                    >
                      New Password
                    </label>
                    <div
                      className="PasswordField-fullWidth PasswordField-root"
                    >
                      <div
                        className="PasswordField-wrapper"
                      >
                        <input
                          autoCapitalize="off"
                          autoComplete="new-password"
                          autoCorrect="off"
                          className="PasswordField-colorRegular PasswordField-fullWidth PasswordField-input"
                          disabled={false}
                          id="newPassword"
                          name="newPassword"
                          onBlur={[Function]}
                          onChange={[Function]}
                          onFocus={[Function]}
                          placeholder=""
                          spellCheck={false}
                          type="password"
                          value=""
                        />
                        <div
                          className="PasswordField-icon"
                          onClick={[Function]}
                          role="button"
                          tabIndex={0}
                          title="Hide password"
                        >
                          <span
                            aria-hidden="true"
                            className="Icon-root Icon-sm"
                          >
                            visibility
                          </span>
                        </div>
                      </div>
                    </div>
                  </fieldset>
                  <div
                    className="Box-root Flex-root Flex-flex Flex-justifyFlexEnd"
                  >
                    <button
                      className="BaseButton-root Button-root Button-sizeRegular Button-colorPrimary Button-variantFilled Button-disabled"
                      disabled={true}
                      onBlur={[Function]}
                      onFocus={[Function]}
                      onMouseOut={[Function]}
                      onMouseOver={[Function]}
                      onTouchEnd={[Function]}
                      type="submit"
                    >
                      Change Password
                    </button>
                  </div>
                </fieldset>
              </div>
            </form>
          </div>
          <div
            className="DownloadCommentsContainer-root"
          >
            <h1
              className="Box-root Typography-root Typography-heading3 Typography-colorTextPrimary DownloadCommentsContainer-title"
            >
              Download my comment history
            </h1>
            <p
              className="Box-root Typography-root Typography-bodyCopy Typography-colorTextPrimary DownloadCommentsContainer-description"
            >
              You will receive an email with a link to download your comment history.
You can make 
              <strong>
                one download request every 14 days.
              </strong>
            </p>
            <button
              className="BaseButton-root Button-root Button-sizeSmall Button-colorRegular Button-variantOutlined"
              onBlur={[Function]}
              onClick={[Function]}
              onFocus={[Function]}
              onMouseOut={[Function]}
              onMouseOver={[Function]}
              onTouchEnd={[Function]}
              type="button"
            >
              <span
                aria-hidden="true"
                className="Icon-root Icon-sm DownloadCommentsContainer-icon"
                title="Request comment history"
              >
                file_download
              </span>
              <span>
                Request comment history
              </span>
            </button>
          </div>
        </div>
      </section>
    </div>
  </section>
</div>
`;
