// Jest Snapshot v1, https://goo.gl/fbAQLP

exports[`renders correctly 1`] = `
<withPropsOnChange(Button)
  className="OIDCButton-button"
  color="none"
  fullWidth={true}
  marginSize="small"
  onClick={[Function]}
  textAlign="center"
  textSize="small"
  upperCase={true}
  variant="filled"
>
  <span>
    Login with OIDC
  </span>
</withPropsOnChange(Button)>
`;
