// Jest Snapshot v1, https://goo.gl/fbAQLP

exports[`renders correctly 1`] = `
<span
  className="SelectField-root customClassName SelectField-fullWidth"
>
  <select
    autofocus={true}
    className="SelectField-select SelectField-selectFont SelectField-selectColor coral-selectField"
    disabled={true}
    id="selectID"
    name="selectName"
    onBlur={[Function]}
    onChange={[Function]}
    onFocus={[Function]}
    value="pie"
  />
  <span
    aria-hidden={true}
    className="SelectField-afterWrapper SelectField-afterWrapperDisabled"
  >
    <i
      aria-hidden="true"
      className="Icon-root Icon-sm coral coral-icon"
    >
      expand_more
    </i>
  </span>
</span>
`;
