// Jest Snapshot v1, https://goo.gl/fbAQLP

exports[`renders permalink view with unknown asset 1`] = `
<div
  className="HorizontalGutter-root App-root HorizontalGutter-full"
>
  <ul
    className="TabBar-root TabBar-primary"
    role="tablist"
  >
    <li
      className="Tab-root Tab-primary Tab-active"
      id="COMMENTS-tab"
      onClick={[Function]}
      role="presentation"
    >
      <button
        aria-controls="COMMENTS"
        aria-selected={true}
        className="BaseButton-root"
        onBlur={[Function]}
        onClick={[Function]}
        onFocus={[Function]}
        onMouseDown={[Function]}
        onMouseOut={[Function]}
        onMouseOver={[Function]}
        onTouchEnd={[Function]}
        role="tab"
        type="button"
      >
        Comments
      </button>
    </li>
    <li
      className="Tab-root Tab-primary"
      id="PROFILE-tab"
      onClick={[Function]}
      role="presentation"
    >
      <button
        aria-controls="PROFILE"
        aria-selected={false}
        className="BaseButton-root"
        onBlur={[Function]}
        onClick={[Function]}
        onFocus={[Function]}
        onMouseDown={[Function]}
        onMouseOut={[Function]}
        onMouseOver={[Function]}
        onTouchEnd={[Function]}
        role="tab"
        type="button"
      >
        My Profile
      </button>
    </li>
  </ul>
  <section
    aria-labelledby="COMMENTS-tab"
    id="COMMENTS"
    role="tabpanel"
  >
    <div>
      Asset not found
    </div>
  </section>
</div>
`;
